******************************************************************************
                  TI ARM Linker PC v20.2.7                     
******************************************************************************
>> Linked Tue Sep 19 13:11:09 2023

OUTPUT FILE NAME:   <Hardwaredemo.out>
ENTRY POINT SYMBOL: "_c_int00_noargs"  address: 00001609


MEMORY CONFIGURATION

         name            origin    length      used     unused   attr    fill
----------------------  --------  ---------  --------  --------  ----  --------
  FLASH                 00000000   00040000  00001692  0003e96e  R  X
  SRAM                  20000000   00008000  0000020c  00007df4  RW X


SEGMENT ALLOCATION MAP

run origin  load origin   length   init length attrs members
----------  ----------- ---------- ----------- ----- -------
00000000    00000000    00001694   00001694    r-x
  00000000    00000000    0000026c   0000026c    r-- .intvecs
  0000026c    0000026c    00001412   00001412    r-x .text
  00001680    00001680    00000014   00000014    r-- .cinit
20000000    20000000    0000020c   00000000    rw-
  20000000    20000000    00000200   00000000    rw- .stack
  20000200    20000200    0000000c   00000000    rw- .bss


SECTION ALLOCATION MAP

 output                                  attributes/
section   page    origin      length       input sections
--------  ----  ----------  ----------   ----------------
.intvecs   0    00000000    0000026c     
                  00000000    0000026c     tm4c123gh6pm_startup_ccs.obj (.intvecs)

.text      0    0000026c    00001412     
                  0000026c    000009ac     main.obj (.text)
                  00000c18    00000808     gpio.obj (.text)
                  00001420    00000164     uart0.obj (.text)
                  00001584    00000044     rtsv7M4_T_le_v4SPD16_eabi.lib : autoinit.c.obj (.text:__TI_auto_init_nobinit_nopinit:__TI_auto_init_nobinit_nopinit)
                  000015c8    00000040                                   : u_divt2.asm.obj (.text)
                  00001608    00000034                                   : boot_cortex_m.c.obj (.text:_c_int00_noargs:_c_int00_noargs)
                  0000163c    0000001c                                   : copy_zero_init.c.obj (.text:decompress:ZI:__TI_zero_init_nomemset:__TI_zero_init_nomemset)
                  00001658    00000010     clock.obj (.text)
                  00001668    0000000c     tm4c123gh6pm_startup_ccs.obj (.text)
                  00001674    00000004     rtsv7M4_T_le_v4SPD16_eabi.lib : pre_init.c.obj (.text:_system_pre_init)
                  00001678    00000004                                   : exit.c.obj (.text:abort:abort)
                  0000167c    00000002                                   : div0.asm.obj (.text)

.cinit     0    00001680    00000014     
                  00001680    00000008     (.cinit..bss.load) [load image, compression = zero_init]
                  00001688    00000004     (__TI_handler_table)
                  0000168c    00000008     (__TI_cinit_table)

.init_array 
*          0    00000000    00000000     UNINITIALIZED

.bss       0    20000200    0000000c     UNINITIALIZED
                  20000200    0000000c     main.obj (.bss:str$1)

.stack     0    20000000    00000200     UNINITIALIZED
                  20000000    00000004     rtsv7M4_T_le_v4SPD16_eabi.lib : boot_cortex_m.c.obj (.stack)
                  20000004    000001fc     --HOLE--

__llvm_prf_cnts 
*          0    20000000    00000000     UNINITIALIZED

MODULE SUMMARY

       Module                         code   ro data   rw data
       ------                         ----   -------   -------
    .\
       main.obj                       2476   0         12     
       gpio.obj                       2056   0         0      
       tm4c123gh6pm_startup_ccs.obj   12     620       0      
       uart0.obj                      356    0         0      
       clock.obj                      16     0         0      
    +--+------------------------------+------+---------+---------+
       Total:                         4916   620       12     
                                                              
    C:\ti\ccs1240\ccs\tools\compiler\ti-cgt-arm_20.2.7.LTS\lib\rtsv7M4_T_le_v4SPD16_eabi.lib
       autoinit.c.obj                 68     0         0      
       u_divt2.asm.obj                64     0         0      
       boot_cortex_m.c.obj            52     0         0      
       copy_zero_init.c.obj           28     0         0      
       exit.c.obj                     4      0         0      
       pre_init.c.obj                 4      0         0      
       div0.asm.obj                   2      0         0      
    +--+------------------------------+------+---------+---------+
       Total:                         222    0         0      
                                                              
       Stack:                         0      0         512    
       Linker Generated:              0      20        0      
    +--+------------------------------+------+---------+---------+
       Grand Total:                   5138   640       524    


LINKER GENERATED COPY TABLES

__TI_cinit_table @ 0000168c records: 1, size/record: 8, table size: 8
	.bss: load addr=00001680, load size=00000008 bytes, run addr=20000200, run size=0000000c bytes, compression=zero_init


LINKER GENERATED HANDLER TABLE

__TI_handler_table @ 00001688 records: 1, size/record: 4, table size: 4
	index: 0, handler: __TI_zero_init


GLOBAL SYMBOLS: SORTED ALPHABETICALLY BY Name 

address   name                          
-------   ----                          
00001679  C$$EXIT                       
00001669  ResetISR                      
20000200  __STACK_END                   
00000200  __STACK_SIZE                  
20000200  __STACK_TOP                   
0000168c  __TI_CINIT_Base               
00001694  __TI_CINIT_Limit              
00001688  __TI_Handler_Table_Base       
0000168c  __TI_Handler_Table_Limit      
00001585  __TI_auto_init_nobinit_nopinit
ffffffff  __TI_pprof_out_hndl           
ffffffff  __TI_prof_data_size           
ffffffff  __TI_prof_data_start          
00000000  __TI_static_base__            
0000163d  __TI_zero_init_nomemset       
0000167d  __aeabi_idiv0                 
0000167d  __aeabi_ldiv0                 
000015c9  __aeabi_uidiv                 
000015c9  __aeabi_uidivmod              
ffffffff  __binit__                     
ffffffff  __c_args__                    
UNDEFED   __mpu_init                    
20000000  __stack                       
20000000  __start___llvm_prf_cnts       
20000000  __stop___llvm_prf_cnts        
00001609  _c_int00_noargs               
UNDEFED   _system_post_cinit            
00001675  _system_pre_init              
00001679  abort                         
ffffffff  binit                         
0000126d  clearPinInterrupt             
00001249  disablePinInterrupt           
00000f81  disablePinPulldown            
00000f39  disablePinPullup              
00000cd5  disablePort                   
00001225  enablePinInterrupt            
00000f5d  enablePinPulldown             
00000f0b  enablePinPullup               
00000c19  enablePort                    
00000000  g_pfnVectors                  
000004a7  getFieldInteger               
0000046d  getFieldString                
000012db  getPinValue                   
00001391  getPortValue                  
00001521  getcUart0                     
0000026d  getsUart0                     
000009c7  initHw                        
00001659  initSystemClockTo40Mhz        
00001421  initUart0                     
00000701  ipcs                          
00000573  isCommand                     
00000313  is_alpha                      
0000036f  is_delimiter                  
00000349  is_numeric                    
00001535  kbhitUart0                    
00000643  kill                          
00000adb  main                          
00000397  parseFields                   
000005e1  pidof                         
00000607  preempt                       
0000071d  ps                            
000014d9  putcUart0                     
000014f5  putsUart0                     
000005a5  sched                         
00000e3f  selectPinAnalogInput          
00000df1  selectPinDigitalInput         
0000115b  selectPinInterruptBothEdges   
0000110b  selectPinInterruptFallingEdge 
000011b1  selectPinInterruptHighLevel   
000011eb  selectPinInterruptLowLevel    
000010bb  selectPinInterruptRisingEdge  
00000da3  selectPinOpenDrainOutput      
00000d55  selectPinPushPullOutput       
00000fa9  setPinAuxFunction             
00000e8f  setPinCommitControl           
00001291  setPinValue                   
00001319  setPortValue                  
00001495  setUart0BaudRate              
0000078d  shell                         
00000529  strcompare                    
000012b7  togglePinValue                


GLOBAL SYMBOLS: SORTED BY Symbol Address 

address   name                          
-------   ----                          
00000000  __TI_static_base__            
00000000  g_pfnVectors                  
00000200  __STACK_SIZE                  
0000026d  getsUart0                     
00000313  is_alpha                      
00000349  is_numeric                    
0000036f  is_delimiter                  
00000397  parseFields                   
0000046d  getFieldString                
000004a7  getFieldInteger               
00000529  strcompare                    
00000573  isCommand                     
000005a5  sched                         
000005e1  pidof                         
00000607  preempt                       
00000643  kill                          
00000701  ipcs                          
0000071d  ps                            
0000078d  shell                         
000009c7  initHw                        
00000adb  main                          
00000c19  enablePort                    
00000cd5  disablePort                   
00000d55  selectPinPushPullOutput       
00000da3  selectPinOpenDrainOutput      
00000df1  selectPinDigitalInput         
00000e3f  selectPinAnalogInput          
00000e8f  setPinCommitControl           
00000f0b  enablePinPullup               
00000f39  disablePinPullup              
00000f5d  enablePinPulldown             
00000f81  disablePinPulldown            
00000fa9  setPinAuxFunction             
000010bb  selectPinInterruptRisingEdge  
0000110b  selectPinInterruptFallingEdge 
0000115b  selectPinInterruptBothEdges   
000011b1  selectPinInterruptHighLevel   
000011eb  selectPinInterruptLowLevel    
00001225  enablePinInterrupt            
00001249  disablePinInterrupt           
0000126d  clearPinInterrupt             
00001291  setPinValue                   
000012b7  togglePinValue                
000012db  getPinValue                   
00001319  setPortValue                  
00001391  getPortValue                  
00001421  initUart0                     
00001495  setUart0BaudRate              
000014d9  putcUart0                     
000014f5  putsUart0                     
00001521  getcUart0                     
00001535  kbhitUart0                    
00001585  __TI_auto_init_nobinit_nopinit
000015c9  __aeabi_uidiv                 
000015c9  __aeabi_uidivmod              
00001609  _c_int00_noargs               
0000163d  __TI_zero_init_nomemset       
00001659  initSystemClockTo40Mhz        
00001669  ResetISR                      
00001675  _system_pre_init              
00001679  C$$EXIT                       
00001679  abort                         
0000167d  __aeabi_idiv0                 
0000167d  __aeabi_ldiv0                 
00001688  __TI_Handler_Table_Base       
0000168c  __TI_CINIT_Base               
0000168c  __TI_Handler_Table_Limit      
00001694  __TI_CINIT_Limit              
20000000  __stack                       
20000000  __start___llvm_prf_cnts       
20000000  __stop___llvm_prf_cnts        
20000200  __STACK_END                   
20000200  __STACK_TOP                   
ffffffff  __TI_pprof_out_hndl           
ffffffff  __TI_prof_data_size           
ffffffff  __TI_prof_data_start          
ffffffff  __binit__                     
ffffffff  __c_args__                    
ffffffff  binit                         
UNDEFED   __mpu_init                    
UNDEFED   _system_post_cinit            

[81 symbols]
