<?xml version="1.0" encoding="ISO-8859-1" ?>
<link_info>
   <banner>TI ARM Linker PC v20.2.7.LTS</banner>
   <copyright>Copyright (c) 1996-2018 Texas Instruments Incorporated</copyright>
   <link_time>0x6568fc7f</link_time>
   <link_errors>0x0</link_errors>
   <output_file>rtospro.out</output_file>
   <entry_point>
      <name>_c_int00_noargs</name>
      <address>0x3fc5</address>
   </entry_point>
   <input_file_list>
      <input_file id="fl-2">
         <path>.\</path>
         <kind>object</kind>
         <file>asm.obj</file>
         <name>asm.obj</name>
      </input_file>
      <input_file id="fl-3">
         <path>.\</path>
         <kind>object</kind>
         <file>clock.obj</file>
         <name>clock.obj</name>
      </input_file>
      <input_file id="fl-4">
         <path>.\</path>
         <kind>object</kind>
         <file>faults.obj</file>
         <name>faults.obj</name>
      </input_file>
      <input_file id="fl-5">
         <path>.\</path>
         <kind>object</kind>
         <file>gpio.obj</file>
         <name>gpio.obj</name>
      </input_file>
      <input_file id="fl-6">
         <path>.\</path>
         <kind>object</kind>
         <file>kernel.obj</file>
         <name>kernel.obj</name>
      </input_file>
      <input_file id="fl-7">
         <path>.\</path>
         <kind>object</kind>
         <file>mm.obj</file>
         <name>mm.obj</name>
      </input_file>
      <input_file id="fl-8">
         <path>.\</path>
         <kind>object</kind>
         <file>nvic.obj</file>
         <name>nvic.obj</name>
      </input_file>
      <input_file id="fl-9">
         <path>.\</path>
         <kind>object</kind>
         <file>rtos.obj</file>
         <name>rtos.obj</name>
      </input_file>
      <input_file id="fl-a">
         <path>.\</path>
         <kind>object</kind>
         <file>shell.obj</file>
         <name>shell.obj</name>
      </input_file>
      <input_file id="fl-b">
         <path>.\</path>
         <kind>object</kind>
         <file>tasks.obj</file>
         <name>tasks.obj</name>
      </input_file>
      <input_file id="fl-c">
         <path>.\</path>
         <kind>object</kind>
         <file>tm4c123gh6pm_startup_ccs.obj</file>
         <name>tm4c123gh6pm_startup_ccs.obj</name>
      </input_file>
      <input_file id="fl-d">
         <path>.\</path>
         <kind>object</kind>
         <file>uart0.obj</file>
         <name>uart0.obj</name>
      </input_file>
      <input_file id="fl-e">
         <path>.\</path>
         <kind>object</kind>
         <file>wait.obj</file>
         <name>wait.obj</name>
      </input_file>
      <input_file id="fl-12">
         <kind>object</kind>
         <file>&lt;internal&gt;</file>
         <name>&lt;internal&gt;</name>
      </input_file>
      <input_file id="fl-c8">
         <path>C:\ti\ccs1240\ccs\tools\compiler\ti-cgt-arm_20.2.7.LTS\lib\</path>
         <kind>archive</kind>
         <file>rtsv7M4_T_le_v4SPD16_eabi.lib</file>
         <name>fd_cmp_t2.asm.obj</name>
      </input_file>
      <input_file id="fl-c9">
         <path>C:\ti\ccs1240\ccs\tools\compiler\ti-cgt-arm_20.2.7.LTS\lib\</path>
         <kind>archive</kind>
         <file>rtsv7M4_T_le_v4SPD16_eabi.lib</file>
         <name>ll_mul_t2.asm.obj</name>
      </input_file>
      <input_file id="fl-ca">
         <path>C:\ti\ccs1240\ccs\tools\compiler\ti-cgt-arm_20.2.7.LTS\lib\</path>
         <kind>archive</kind>
         <file>rtsv7M4_T_le_v4SPD16_eabi.lib</file>
         <name>u_tofd_t2.asm.obj</name>
      </input_file>
      <input_file id="fl-cb">
         <path>C:\ti\ccs1240\ccs\tools\compiler\ti-cgt-arm_20.2.7.LTS\lib\</path>
         <kind>archive</kind>
         <file>rtsv7M4_T_le_v4SPD16_eabi.lib</file>
         <name>u_divt2.asm.obj</name>
      </input_file>
      <input_file id="fl-cc">
         <path>C:\ti\ccs1240\ccs\tools\compiler\ti-cgt-arm_20.2.7.LTS\lib\</path>
         <kind>archive</kind>
         <file>rtsv7M4_T_le_v4SPD16_eabi.lib</file>
         <name>ull_div_t2.asm.obj</name>
      </input_file>
      <input_file id="fl-cd">
         <path>C:\ti\ccs1240\ccs\tools\compiler\ti-cgt-arm_20.2.7.LTS\lib\</path>
         <kind>archive</kind>
         <file>rtsv7M4_T_le_v4SPD16_eabi.lib</file>
         <name>copy_zero_init.c.obj</name>
      </input_file>
      <input_file id="fl-ce">
         <path>C:\ti\ccs1240\ccs\tools\compiler\ti-cgt-arm_20.2.7.LTS\lib\</path>
         <kind>archive</kind>
         <file>rtsv7M4_T_le_v4SPD16_eabi.lib</file>
         <name>copy_decompress_none.c.obj</name>
      </input_file>
      <input_file id="fl-cf">
         <path>C:\ti\ccs1240\ccs\tools\compiler\ti-cgt-arm_20.2.7.LTS\lib\</path>
         <kind>archive</kind>
         <file>rtsv7M4_T_le_v4SPD16_eabi.lib</file>
         <name>copy_decompress_lzss.c.obj</name>
      </input_file>
      <input_file id="fl-d0">
         <path>C:\ti\ccs1240\ccs\tools\compiler\ti-cgt-arm_20.2.7.LTS\lib\</path>
         <kind>archive</kind>
         <file>rtsv7M4_T_le_v4SPD16_eabi.lib</file>
         <name>boot_cortex_m.c.obj</name>
      </input_file>
      <input_file id="fl-d1">
         <path>C:\ti\ccs1240\ccs\tools\compiler\ti-cgt-arm_20.2.7.LTS\lib\</path>
         <kind>archive</kind>
         <file>rtsv7M4_T_le_v4SPD16_eabi.lib</file>
         <name>div0.asm.obj</name>
      </input_file>
      <input_file id="fl-d2">
         <path>C:\ti\ccs1240\ccs\tools\compiler\ti-cgt-arm_20.2.7.LTS\lib\</path>
         <kind>archive</kind>
         <file>rtsv7M4_T_le_v4SPD16_eabi.lib</file>
         <name>memcpy_t2.asm.obj</name>
      </input_file>
      <input_file id="fl-d3">
         <path>C:\ti\ccs1240\ccs\tools\compiler\ti-cgt-arm_20.2.7.LTS\lib\</path>
         <kind>archive</kind>
         <file>rtsv7M4_T_le_v4SPD16_eabi.lib</file>
         <name>memset_t2.asm.obj</name>
      </input_file>
      <input_file id="fl-d4">
         <path>C:\ti\ccs1240\ccs\tools\compiler\ti-cgt-arm_20.2.7.LTS\lib\</path>
         <kind>archive</kind>
         <file>rtsv7M4_T_le_v4SPD16_eabi.lib</file>
         <name>autoinit.c.obj</name>
      </input_file>
      <input_file id="fl-d5">
         <path>C:\ti\ccs1240\ccs\tools\compiler\ti-cgt-arm_20.2.7.LTS\lib\</path>
         <kind>archive</kind>
         <file>rtsv7M4_T_le_v4SPD16_eabi.lib</file>
         <name>pre_init.c.obj</name>
      </input_file>
      <input_file id="fl-d6">
         <path>C:\ti\ccs1240\ccs\tools\compiler\ti-cgt-arm_20.2.7.LTS\lib\</path>
         <kind>archive</kind>
         <file>rtsv7M4_T_le_v4SPD16_eabi.lib</file>
         <name>cpy_tbl.c.obj</name>
      </input_file>
      <input_file id="fl-d7">
         <path>C:\ti\ccs1240\ccs\tools\compiler\ti-cgt-arm_20.2.7.LTS\lib\</path>
         <kind>archive</kind>
         <file>rtsv7M4_T_le_v4SPD16_eabi.lib</file>
         <name>exit.c.obj</name>
      </input_file>
      <input_file id="fl-d8">
         <path>C:\ti\ccs1240\ccs\tools\compiler\ti-cgt-arm_20.2.7.LTS\lib\</path>
         <kind>archive</kind>
         <file>rtsv7M4_T_le_v4SPD16_eabi.lib</file>
         <name>_lock.c.obj</name>
      </input_file>
      <input_file id="fl-d9">
         <path>C:\ti\ccs1240\ccs\tools\compiler\ti-cgt-arm_20.2.7.LTS\lib\</path>
         <kind>archive</kind>
         <file>rtsv7M4_T_le_v4SPD16_eabi.lib</file>
         <name>args_main.c.obj</name>
      </input_file>
   </input_file_list>
   <object_component_list>
      <object_component id="oc-12">
         <name>.intvecs</name>
         <load_address>0x0</load_address>
         <run_address>0x0</run_address>
         <size>0x26c</size>
         <input_file_ref idref="fl-c"/>
      </object_component>
      <object_component id="oc-2d">
         <name>.text</name>
         <load_address>0x26c</load_address>
         <run_address>0x26c</run_address>
         <size>0x1798</size>
         <input_file_ref idref="fl-6"/>
      </object_component>
      <object_component id="oc-92">
         <name>.text</name>
         <load_address>0x1a04</load_address>
         <run_address>0x1a04</run_address>
         <size>0x8fc</size>
         <input_file_ref idref="fl-7"/>
      </object_component>
      <object_component id="oc-7e">
         <name>.text</name>
         <load_address>0x2300</load_address>
         <run_address>0x2300</run_address>
         <size>0x808</size>
         <input_file_ref idref="fl-5"/>
      </object_component>
      <object_component id="oc-a7">
         <name>.text</name>
         <load_address>0x2b08</load_address>
         <run_address>0x2b08</run_address>
         <size>0x49c</size>
         <input_file_ref idref="fl-a"/>
      </object_component>
      <object_component id="oc-27">
         <name>.text</name>
         <load_address>0x2fa4</load_address>
         <run_address>0x2fa4</run_address>
         <size>0x45c</size>
         <input_file_ref idref="fl-c"/>
      </object_component>
      <object_component id="oc-150">
         <name>.text</name>
         <load_address>0x3400</load_address>
         <run_address>0x3400</run_address>
         <size>0x400</size>
         <input_file_ref idref="fl-b"/>
      </object_component>
      <object_component id="oc-ec">
         <name>.text</name>
         <load_address>0x3800</load_address>
         <run_address>0x3800</run_address>
         <size>0x200</size>
         <input_file_ref idref="fl-9"/>
      </object_component>
      <object_component id="oc-73">
         <name>.text</name>
         <load_address>0x3a00</load_address>
         <run_address>0x3a00</run_address>
         <size>0x164</size>
         <input_file_ref idref="fl-d"/>
      </object_component>
      <object_component id="oc-79">
         <name>.text</name>
         <load_address>0x3b64</load_address>
         <run_address>0x3b64</run_address>
         <size>0x140</size>
         <input_file_ref idref="fl-2"/>
      </object_component>
      <object_component id="oc-41">
         <name>.text</name>
         <load_address>0x3ca4</load_address>
         <run_address>0x3ca4</run_address>
         <size>0x9c</size>
         <input_file_ref idref="fl-d2"/>
      </object_component>
      <object_component id="oc-b3">
         <name>.text</name>
         <load_address>0x3d40</load_address>
         <run_address>0x3d40</run_address>
         <size>0x96</size>
         <input_file_ref idref="fl-cc"/>
      </object_component>
      <object_component id="oc-114">
         <name>.text:__aeabi_cdcmple</name>
         <load_address>0x3dd6</load_address>
         <run_address>0x3dd6</run_address>
         <size>0x86</size>
         <input_file_ref idref="fl-c8"/>
      </object_component>
      <object_component id="oc-e0">
         <name>.text</name>
         <load_address>0x3e5c</load_address>
         <run_address>0x3e5c</run_address>
         <size>0x7a</size>
         <input_file_ref idref="fl-d3"/>
      </object_component>
      <object_component id="oc-15">
         <name>.text:decompress:lzss:__TI_decompress_lzss</name>
         <load_address>0x3ed6</load_address>
         <run_address>0x3ed6</run_address>
         <size>0x68</size>
         <input_file_ref idref="fl-cf"/>
      </object_component>
      <object_component id="oc-12a">
         <name>.text</name>
         <load_address>0x3f3e</load_address>
         <run_address>0x3f3e</run_address>
         <size>0x2</size>
         <input_file_ref idref="fl-d1"/>
      </object_component>
      <object_component id="oc-163">
         <name>.text:__TI_auto_init_nobinit_nopinit:__TI_auto_init_nobinit_nopinit</name>
         <load_address>0x3f40</load_address>
         <run_address>0x3f40</run_address>
         <size>0x44</size>
         <input_file_ref idref="fl-d4"/>
      </object_component>
      <object_component id="oc-a1">
         <name>.text</name>
         <load_address>0x3f84</load_address>
         <run_address>0x3f84</run_address>
         <size>0x40</size>
         <input_file_ref idref="fl-cb"/>
      </object_component>
      <object_component id="oc-5f">
         <name>.text:_c_int00_noargs:_c_int00_noargs</name>
         <load_address>0x3fc4</load_address>
         <run_address>0x3fc4</run_address>
         <size>0x34</size>
         <input_file_ref idref="fl-d0"/>
      </object_component>
      <object_component id="oc-10f">
         <name>.text</name>
         <load_address>0x3ff8</load_address>
         <run_address>0x3ff8</run_address>
         <size>0x20</size>
         <input_file_ref idref="fl-ca"/>
      </object_component>
      <object_component id="oc-1ab">
         <name>.text</name>
         <load_address>0x4018</load_address>
         <run_address>0x4018</run_address>
         <size>0x20</size>
         <input_file_ref idref="fl-e"/>
      </object_component>
      <object_component id="oc-ae">
         <name>.text</name>
         <load_address>0x4038</load_address>
         <run_address>0x4038</run_address>
         <size>0x18</size>
         <input_file_ref idref="fl-c9"/>
      </object_component>
      <object_component id="oc-14a">
         <name>.text</name>
         <load_address>0x4050</load_address>
         <run_address>0x4050</run_address>
         <size>0x10</size>
         <input_file_ref idref="fl-3"/>
      </object_component>
      <object_component id="oc-1b">
         <name>.text:decompress:none:__TI_decompress_none</name>
         <load_address>0x4060</load_address>
         <run_address>0x4060</run_address>
         <size>0xe</size>
         <input_file_ref idref="fl-ce"/>
      </object_component>
      <object_component id="oc-53">
         <name>.text:decompress:ZI:__TI_zero_init</name>
         <load_address>0x406e</load_address>
         <run_address>0x406e</run_address>
         <size>0xc</size>
         <input_file_ref idref="fl-cd"/>
      </object_component>
      <object_component id="oc-e6">
         <name>.text:_system_pre_init</name>
         <load_address>0x407a</load_address>
         <run_address>0x407a</run_address>
         <size>0x4</size>
         <input_file_ref idref="fl-d5"/>
      </object_component>
      <object_component id="oc-157">
         <name>.text:abort:abort</name>
         <load_address>0x407e</load_address>
         <run_address>0x407e</run_address>
         <size>0x4</size>
         <input_file_ref idref="fl-d7"/>
      </object_component>
      <object_component id="oc-231">
         <name>.cinit..data.load</name>
         <load_address>0x4088</load_address>
         <run_address>0x4088</run_address>
         <size>0x1d</size>
      </object_component>
      <object_component id="oc-22f">
         <name>__TI_handler_table</name>
         <load_address>0x40a8</load_address>
         <run_address>0x40a8</run_address>
         <size>0xc</size>
      </object_component>
      <object_component id="oc-232">
         <name>.cinit..bss.load</name>
         <load_address>0x40b8</load_address>
         <run_address>0x40b8</run_address>
         <size>0x8</size>
      </object_component>
      <object_component id="oc-230">
         <name>__TI_cinit_table</name>
         <load_address>0x40c0</load_address>
         <run_address>0x40c0</run_address>
         <size>0x10</size>
      </object_component>
      <object_component id="oc-99">
         <name>.data</name>
         <load_address>0x200006a0</load_address>
         <run_address>0x200006a0</run_address>
         <size>0xf</size>
         <input_file_ref idref="fl-6"/>
      </object_component>
      <object_component id="oc-119">
         <name>.data</name>
         <load_address>0x200006b0</load_address>
         <run_address>0x200006b0</run_address>
         <size>0xc</size>
         <input_file_ref idref="fl-7"/>
      </object_component>
      <object_component id="oc-9e">
         <name>.bss</name>
         <uninitialized>true</uninitialized>
         <run_address>0x20000478</run_address>
         <size>0x8</size>
         <input_file_ref idref="fl-6"/>
      </object_component>
      <object_component id="oc-a6">
         <name>.bss:str$4</name>
         <uninitialized>true</uninitialized>
         <run_address>0x20000454</run_address>
         <size>0xc</size>
         <input_file_ref idref="fl-6"/>
      </object_component>
      <object_component id="oc-ad">
         <name>.bss:str$5</name>
         <uninitialized>true</uninitialized>
         <run_address>0x20000460</run_address>
         <size>0xc</size>
         <input_file_ref idref="fl-6"/>
      </object_component>
      <object_component id="oc-b8">
         <name>.bss:str$6</name>
         <uninitialized>true</uninitialized>
         <run_address>0x20000440</run_address>
         <size>0x14</size>
         <input_file_ref idref="fl-6"/>
      </object_component>
      <object_component id="oc-11c">
         <name>.bss:session</name>
         <uninitialized>true</uninitialized>
         <run_address>0x200003a0</run_address>
         <size>0xa0</size>
         <input_file_ref idref="fl-7"/>
      </object_component>
      <object_component id="oc-11f">
         <name>.bss</name>
         <uninitialized>true</uninitialized>
         <run_address>0x20000480</run_address>
         <size>0x8</size>
         <input_file_ref idref="fl-7"/>
      </object_component>
      <object_component id="oc-122">
         <name>.bss:number</name>
         <uninitialized>true</uninitialized>
         <run_address>0x20000300</run_address>
         <size>0xa0</size>
         <input_file_ref idref="fl-7"/>
      </object_component>
      <object_component id="oc-8f">
         <name>.common:mutexes</name>
         <uninitialized>true</uninitialized>
         <run_address>0x20000488</run_address>
         <size>0x8</size>
      </object_component>
      <object_component id="oc-98">
         <name>.common:semaphores</name>
         <uninitialized>true</uninitialized>
         <run_address>0x2000046c</run_address>
         <size>0xc</size>
      </object_component>
      <object_component id="oc-9c">
         <name>.common:tcb</name>
         <uninitialized>true</uninitialized>
         <run_address>0x20000000</run_address>
         <size>0x300</size>
      </object_component>
      <object_component id="oc-9f">
         <name>.common:k</name>
         <uninitialized>true</uninitialized>
         <run_address>0x20000498</run_address>
         <size>0x1</size>
      </object_component>
      <object_component id="oc-9d">
         <name>.common:reg</name>
         <uninitialized>true</uninitialized>
         <run_address>0x20000490</run_address>
         <size>0x8</size>
      </object_component>
      <object_component id="oc-a0">
         <name>.common:track</name>
         <uninitialized>true</uninitialized>
         <run_address>0x20000499</run_address>
         <size>0x1</size>
      </object_component>
      <object_component id="oc-24">
         <name>.stack</name>
         <uninitialized>true</uninitialized>
         <run_address>0x200004a0</run_address>
         <size>0x4</size>
         <input_file_ref idref="fl-d0"/>
      </object_component>
      <object_component id="oc-234">
         <name>.stack</name>
         <uninitialized>true</uninitialized>
         <run_address>0x200004a0</run_address>
         <size>0x0</size>
      </object_component>
      <object_component id="oc-7a">
         <name>.debug_info</name>
         <load_address>0x0</load_address>
         <run_address>0x0</run_address>
         <size>0x144</size>
         <input_file_ref idref="fl-2"/>
      </object_component>
      <object_component id="oc-139">
         <name>.debug_info</name>
         <load_address>0x144</load_address>
         <run_address>0x144</run_address>
         <size>0x260</size>
         <input_file_ref idref="fl-3"/>
      </object_component>
      <object_component id="oc-14b">
         <name>.debug_info</name>
         <load_address>0x3a4</load_address>
         <run_address>0x3a4</run_address>
         <size>0x11d</size>
         <input_file_ref idref="fl-3"/>
      </object_component>
      <object_component id="oc-c1">
         <name>.debug_info</name>
         <load_address>0x4c1</load_address>
         <run_address>0x4c1</run_address>
         <size>0x26b</size>
         <input_file_ref idref="fl-3"/>
      </object_component>
      <object_component id="oc-3c">
         <name>.debug_info</name>
         <load_address>0x72c</load_address>
         <run_address>0x72c</run_address>
         <size>0x84</size>
         <input_file_ref idref="fl-3"/>
      </object_component>
      <object_component id="oc-103">
         <name>.debug_info</name>
         <load_address>0x7b0</load_address>
         <run_address>0x7b0</run_address>
         <size>0x2a4</size>
         <input_file_ref idref="fl-3"/>
      </object_component>
      <object_component id="oc-85">
         <name>.debug_info</name>
         <load_address>0xa54</load_address>
         <run_address>0xa54</run_address>
         <size>0xbb</size>
         <input_file_ref idref="fl-3"/>
      </object_component>
      <object_component id="oc-102">
         <name>.debug_info</name>
         <load_address>0xb0f</load_address>
         <run_address>0xb0f</run_address>
         <size>0x265</size>
         <input_file_ref idref="fl-5"/>
      </object_component>
      <object_component id="oc-80">
         <name>.debug_info</name>
         <load_address>0xd74</load_address>
         <run_address>0xd74</run_address>
         <size>0x10ea</size>
         <input_file_ref idref="fl-5"/>
      </object_component>
      <object_component id="oc-c6">
         <name>.debug_info</name>
         <load_address>0x1e5e</load_address>
         <run_address>0x1e5e</run_address>
         <size>0x88</size>
         <input_file_ref idref="fl-5"/>
      </object_component>
      <object_component id="oc-8a">
         <name>.debug_info</name>
         <load_address>0x1ee6</load_address>
         <run_address>0x1ee6</run_address>
         <size>0x8b</size>
         <input_file_ref idref="fl-5"/>
      </object_component>
      <object_component id="oc-90">
         <name>.debug_info</name>
         <load_address>0x1f71</load_address>
         <run_address>0x1f71</run_address>
         <size>0x5eb</size>
         <input_file_ref idref="fl-6"/>
      </object_component>
      <object_component id="oc-9a">
         <name>.debug_info</name>
         <load_address>0x255c</load_address>
         <run_address>0x255c</run_address>
         <size>0x1e2</size>
         <input_file_ref idref="fl-6"/>
      </object_component>
      <object_component id="oc-2e">
         <name>.debug_info</name>
         <load_address>0x273e</load_address>
         <run_address>0x273e</run_address>
         <size>0x17fb</size>
         <input_file_ref idref="fl-6"/>
      </object_component>
      <object_component id="oc-132">
         <name>.debug_info</name>
         <load_address>0x3f39</load_address>
         <run_address>0x3f39</run_address>
         <size>0x8a</size>
         <input_file_ref idref="fl-6"/>
      </object_component>
      <object_component id="oc-ba">
         <name>.debug_info</name>
         <load_address>0x3fc3</load_address>
         <run_address>0x3fc3</run_address>
         <size>0x2c</size>
         <input_file_ref idref="fl-6"/>
      </object_component>
      <object_component id="oc-10a">
         <name>.debug_info</name>
         <load_address>0x3fef</load_address>
         <run_address>0x3fef</run_address>
         <size>0x1df</size>
         <input_file_ref idref="fl-6"/>
      </object_component>
      <object_component id="oc-126">
         <name>.debug_info</name>
         <load_address>0x41ce</load_address>
         <run_address>0x41ce</run_address>
         <size>0x2b4</size>
         <input_file_ref idref="fl-7"/>
      </object_component>
      <object_component id="oc-11a">
         <name>.debug_info</name>
         <load_address>0x4482</load_address>
         <run_address>0x4482</run_address>
         <size>0x10d</size>
         <input_file_ref idref="fl-7"/>
      </object_component>
      <object_component id="oc-11d">
         <name>.debug_info</name>
         <load_address>0x458f</load_address>
         <run_address>0x458f</run_address>
         <size>0xcf</size>
         <input_file_ref idref="fl-7"/>
      </object_component>
      <object_component id="oc-120">
         <name>.debug_info</name>
         <load_address>0x465e</load_address>
         <run_address>0x465e</run_address>
         <size>0xe8</size>
         <input_file_ref idref="fl-7"/>
      </object_component>
      <object_component id="oc-123">
         <name>.debug_info</name>
         <load_address>0x4746</load_address>
         <run_address>0x4746</run_address>
         <size>0xcd</size>
         <input_file_ref idref="fl-7"/>
      </object_component>
      <object_component id="oc-94">
         <name>.debug_info</name>
         <load_address>0x4813</load_address>
         <run_address>0x4813</run_address>
         <size>0x78b</size>
         <input_file_ref idref="fl-7"/>
      </object_component>
      <object_component id="oc-f0">
         <name>.debug_info</name>
         <load_address>0x4f9e</load_address>
         <run_address>0x4f9e</run_address>
         <size>0x290</size>
         <input_file_ref idref="fl-9"/>
      </object_component>
      <object_component id="oc-131">
         <name>.debug_info</name>
         <load_address>0x522e</load_address>
         <run_address>0x522e</run_address>
         <size>0x423</size>
         <input_file_ref idref="fl-a"/>
      </object_component>
      <object_component id="oc-a8">
         <name>.debug_info</name>
         <load_address>0x5651</load_address>
         <run_address>0x5651</run_address>
         <size>0xa24</size>
         <input_file_ref idref="fl-a"/>
      </object_component>
      <object_component id="oc-1b2">
         <name>.debug_info</name>
         <load_address>0x6075</load_address>
         <run_address>0x6075</run_address>
         <size>0x52e</size>
         <input_file_ref idref="fl-b"/>
      </object_component>
      <object_component id="oc-151">
         <name>.debug_info</name>
         <load_address>0x65a3</load_address>
         <run_address>0x65a3</run_address>
         <size>0xa22</size>
         <input_file_ref idref="fl-b"/>
      </object_component>
      <object_component id="oc-35">
         <name>.debug_info</name>
         <load_address>0x6fc5</load_address>
         <run_address>0x6fc5</run_address>
         <size>0x43b</size>
         <input_file_ref idref="fl-c"/>
      </object_component>
      <object_component id="oc-13">
         <name>.debug_info</name>
         <load_address>0x7400</load_address>
         <run_address>0x7400</run_address>
         <size>0xf0</size>
         <input_file_ref idref="fl-c"/>
      </object_component>
      <object_component id="oc-2a">
         <name>.debug_info</name>
         <load_address>0x74f0</load_address>
         <run_address>0x74f0</run_address>
         <size>0xa4c</size>
         <input_file_ref idref="fl-c"/>
      </object_component>
      <object_component id="oc-ff">
         <name>.debug_info</name>
         <load_address>0x7f3c</load_address>
         <run_address>0x7f3c</run_address>
         <size>0x266</size>
         <input_file_ref idref="fl-d"/>
      </object_component>
      <object_component id="oc-77">
         <name>.debug_info</name>
         <load_address>0x81a2</load_address>
         <run_address>0x81a2</run_address>
         <size>0x34e</size>
         <input_file_ref idref="fl-d"/>
      </object_component>
      <object_component id="oc-1ac">
         <name>.debug_info</name>
         <load_address>0x84f0</load_address>
         <run_address>0x84f0</run_address>
         <size>0x127</size>
         <input_file_ref idref="fl-e"/>
      </object_component>
      <object_component id="oc-115">
         <name>.debug_info</name>
         <load_address>0x8617</load_address>
         <run_address>0x8617</run_address>
         <size>0x128</size>
         <input_file_ref idref="fl-c8"/>
      </object_component>
      <object_component id="oc-b0">
         <name>.debug_info</name>
         <load_address>0x873f</load_address>
         <run_address>0x873f</run_address>
         <size>0x122</size>
         <input_file_ref idref="fl-c9"/>
      </object_component>
      <object_component id="oc-111">
         <name>.debug_info</name>
         <load_address>0x8861</load_address>
         <run_address>0x8861</run_address>
         <size>0x12e</size>
         <input_file_ref idref="fl-ca"/>
      </object_component>
      <object_component id="oc-a4">
         <name>.debug_info</name>
         <load_address>0x898f</load_address>
         <run_address>0x898f</run_address>
         <size>0x142</size>
         <input_file_ref idref="fl-cb"/>
      </object_component>
      <object_component id="oc-b4">
         <name>.debug_info</name>
         <load_address>0x8ad1</load_address>
         <run_address>0x8ad1</run_address>
         <size>0x134</size>
         <input_file_ref idref="fl-cc"/>
      </object_component>
      <object_component id="oc-df">
         <name>.debug_info</name>
         <load_address>0x8c05</load_address>
         <run_address>0x8c05</run_address>
         <size>0x2d4</size>
         <input_file_ref idref="fl-cd"/>
      </object_component>
      <object_component id="oc-57">
         <name>.debug_info</name>
         <load_address>0x8ed9</load_address>
         <run_address>0x8ed9</run_address>
         <size>0x1b5</size>
         <input_file_ref idref="fl-cd"/>
      </object_component>
      <object_component id="oc-da">
         <name>.debug_info</name>
         <load_address>0x908e</load_address>
         <run_address>0x908e</run_address>
         <size>0x46</size>
         <input_file_ref idref="fl-cd"/>
      </object_component>
      <object_component id="oc-141">
         <name>.debug_info</name>
         <load_address>0x90d4</load_address>
         <run_address>0x90d4</run_address>
         <size>0x2c</size>
         <input_file_ref idref="fl-cd"/>
      </object_component>
      <object_component id="oc-4c">
         <name>.debug_info</name>
         <load_address>0x9100</load_address>
         <run_address>0x9100</run_address>
         <size>0x2a8</size>
         <input_file_ref idref="fl-ce"/>
      </object_component>
      <object_component id="oc-1f">
         <name>.debug_info</name>
         <load_address>0x93a8</load_address>
         <run_address>0x93a8</run_address>
         <size>0x1ea</size>
         <input_file_ref idref="fl-ce"/>
      </object_component>
      <object_component id="oc-47">
         <name>.debug_info</name>
         <load_address>0x9592</load_address>
         <run_address>0x9592</run_address>
         <size>0x46</size>
         <input_file_ref idref="fl-ce"/>
      </object_component>
      <object_component id="oc-d2">
         <name>.debug_info</name>
         <load_address>0x95d8</load_address>
         <run_address>0x95d8</run_address>
         <size>0x2c</size>
         <input_file_ref idref="fl-ce"/>
      </object_component>
      <object_component id="oc-d0">
         <name>.debug_info</name>
         <load_address>0x9604</load_address>
         <run_address>0x9604</run_address>
         <size>0x29e</size>
         <input_file_ref idref="fl-cf"/>
      </object_component>
      <object_component id="oc-19">
         <name>.debug_info</name>
         <load_address>0x98a2</load_address>
         <run_address>0x98a2</run_address>
         <size>0x250</size>
         <input_file_ref idref="fl-cf"/>
      </object_component>
      <object_component id="oc-37">
         <name>.debug_info</name>
         <load_address>0x9af2</load_address>
         <run_address>0x9af2</run_address>
         <size>0x60</size>
         <input_file_ref idref="fl-cf"/>
      </object_component>
      <object_component id="oc-13a">
         <name>.debug_info</name>
         <load_address>0x9b52</load_address>
         <run_address>0x9b52</run_address>
         <size>0x46</size>
         <input_file_ref idref="fl-cf"/>
      </object_component>
      <object_component id="oc-cb">
         <name>.debug_info</name>
         <load_address>0x9b98</load_address>
         <run_address>0x9b98</run_address>
         <size>0x39</size>
         <input_file_ref idref="fl-cf"/>
      </object_component>
      <object_component id="oc-25">
         <name>.debug_info</name>
         <load_address>0x9bd1</load_address>
         <run_address>0x9bd1</run_address>
         <size>0x10b</size>
         <input_file_ref idref="fl-d0"/>
      </object_component>
      <object_component id="oc-62">
         <name>.debug_info</name>
         <load_address>0x9cdc</load_address>
         <run_address>0x9cdc</run_address>
         <size>0x1a9</size>
         <input_file_ref idref="fl-d0"/>
      </object_component>
      <object_component id="oc-12d">
         <name>.debug_info</name>
         <load_address>0x9e85</load_address>
         <run_address>0x9e85</run_address>
         <size>0x115</size>
         <input_file_ref idref="fl-d1"/>
      </object_component>
      <object_component id="oc-42">
         <name>.debug_info</name>
         <load_address>0x9f9a</load_address>
         <run_address>0x9f9a</run_address>
         <size>0x119</size>
         <input_file_ref idref="fl-d2"/>
      </object_component>
      <object_component id="oc-e1">
         <name>.debug_info</name>
         <load_address>0xa0b3</load_address>
         <run_address>0xa0b3</run_address>
         <size>0x147</size>
         <input_file_ref idref="fl-d3"/>
      </object_component>
      <object_component id="oc-1be">
         <name>.debug_info</name>
         <load_address>0xa1fa</load_address>
         <run_address>0xa1fa</run_address>
         <size>0x4b3</size>
         <input_file_ref idref="fl-d4"/>
      </object_component>
      <object_component id="oc-165">
         <name>.debug_info</name>
         <load_address>0xa6ad</load_address>
         <run_address>0xa6ad</run_address>
         <size>0x1a6</size>
         <input_file_ref idref="fl-d4"/>
      </object_component>
      <object_component id="oc-1e6">
         <name>.debug_info</name>
         <load_address>0xa853</load_address>
         <run_address>0xa853</run_address>
         <size>0x39</size>
         <input_file_ref idref="fl-d4"/>
      </object_component>
      <object_component id="oc-1fa">
         <name>.debug_info</name>
         <load_address>0xa88c</load_address>
         <run_address>0xa88c</run_address>
         <size>0x39</size>
         <input_file_ref idref="fl-d4"/>
      </object_component>
      <object_component id="oc-1eb">
         <name>.debug_info</name>
         <load_address>0xa8c5</load_address>
         <run_address>0xa8c5</run_address>
         <size>0x39</size>
         <input_file_ref idref="fl-d4"/>
      </object_component>
      <object_component id="oc-1f0">
         <name>.debug_info</name>
         <load_address>0xa8fe</load_address>
         <run_address>0xa8fe</run_address>
         <size>0xcd</size>
         <input_file_ref idref="fl-d4"/>
      </object_component>
      <object_component id="oc-e7">
         <name>.debug_info</name>
         <load_address>0xa9cb</load_address>
         <run_address>0xa9cb</run_address>
         <size>0x153</size>
         <input_file_ref idref="fl-d5"/>
      </object_component>
      <object_component id="oc-15b">
         <name>.debug_info</name>
         <load_address>0xab1e</load_address>
         <run_address>0xab1e</run_address>
         <size>0x122</size>
         <input_file_ref idref="fl-d7"/>
      </object_component>
      <object_component id="oc-235">
         <name>.debug_info</name>
         <load_address>0xac40</load_address>
         <run_address>0xac40</run_address>
         <size>0xa3</size>
      </object_component>
      <object_component id="oc-7d">
         <name>.debug_line</name>
         <load_address>0x0</load_address>
         <run_address>0x0</run_address>
         <size>0x96</size>
         <input_file_ref idref="fl-2"/>
      </object_component>
      <object_component id="oc-1a9">
         <name>.debug_line</name>
         <load_address>0x96</load_address>
         <run_address>0x96</run_address>
         <size>0x20</size>
         <input_file_ref idref="fl-3"/>
      </object_component>
      <object_component id="oc-14e">
         <name>.debug_line</name>
         <load_address>0xb6</load_address>
         <run_address>0xb6</run_address>
         <size>0x43</size>
         <input_file_ref idref="fl-3"/>
      </object_component>
      <object_component id="oc-c4">
         <name>.debug_line</name>
         <load_address>0xf9</load_address>
         <run_address>0xf9</run_address>
         <size>0x6f</size>
         <input_file_ref idref="fl-3"/>
      </object_component>
      <object_component id="oc-3f">
         <name>.debug_line</name>
         <load_address>0x168</load_address>
         <run_address>0x168</run_address>
         <size>0x20</size>
         <input_file_ref idref="fl-3"/>
      </object_component>
      <object_component id="oc-106">
         <name>.debug_line</name>
         <load_address>0x188</load_address>
         <run_address>0x188</run_address>
         <size>0x73</size>
         <input_file_ref idref="fl-3"/>
      </object_component>
      <object_component id="oc-88">
         <name>.debug_line</name>
         <load_address>0x1fb</load_address>
         <run_address>0x1fb</run_address>
         <size>0x70</size>
         <input_file_ref idref="fl-3"/>
      </object_component>
      <object_component id="oc-198">
         <name>.debug_line</name>
         <load_address>0x26b</load_address>
         <run_address>0x26b</run_address>
         <size>0x20</size>
         <input_file_ref idref="fl-5"/>
      </object_component>
      <object_component id="oc-7f">
         <name>.debug_line</name>
         <load_address>0x28b</load_address>
         <run_address>0x28b</run_address>
         <size>0x3d4</size>
         <input_file_ref idref="fl-5"/>
      </object_component>
      <object_component id="oc-c9">
         <name>.debug_line</name>
         <load_address>0x65f</load_address>
         <run_address>0x65f</run_address>
         <size>0x2d</size>
         <input_file_ref idref="fl-5"/>
      </object_component>
      <object_component id="oc-8d">
         <name>.debug_line</name>
         <load_address>0x68c</load_address>
         <run_address>0x68c</run_address>
         <size>0x20</size>
         <input_file_ref idref="fl-5"/>
      </object_component>
      <object_component id="oc-109">
         <name>.debug_line</name>
         <load_address>0x6ac</load_address>
         <run_address>0x6ac</run_address>
         <size>0x56</size>
         <input_file_ref idref="fl-6"/>
      </object_component>
      <object_component id="oc-129">
         <name>.debug_line</name>
         <load_address>0x702</load_address>
         <run_address>0x702</run_address>
         <size>0x2f</size>
         <input_file_ref idref="fl-6"/>
      </object_component>
      <object_component id="oc-31">
         <name>.debug_line</name>
         <load_address>0x731</load_address>
         <run_address>0x731</run_address>
         <size>0xad2</size>
         <input_file_ref idref="fl-6"/>
      </object_component>
      <object_component id="oc-135">
         <name>.debug_line</name>
         <load_address>0x1203</load_address>
         <run_address>0x1203</run_address>
         <size>0x2e</size>
         <input_file_ref idref="fl-6"/>
      </object_component>
      <object_component id="oc-bd">
         <name>.debug_line</name>
         <load_address>0x1231</load_address>
         <run_address>0x1231</run_address>
         <size>0x2f</size>
         <input_file_ref idref="fl-6"/>
      </object_component>
      <object_component id="oc-10d">
         <name>.debug_line</name>
         <load_address>0x1260</load_address>
         <run_address>0x1260</run_address>
         <size>0x2f</size>
         <input_file_ref idref="fl-6"/>
      </object_component>
      <object_component id="oc-1a4">
         <name>.debug_line</name>
         <load_address>0x128f</load_address>
         <run_address>0x128f</run_address>
         <size>0x2b</size>
         <input_file_ref idref="fl-7"/>
      </object_component>
      <object_component id="oc-19c">
         <name>.debug_line</name>
         <load_address>0x12ba</load_address>
         <run_address>0x12ba</run_address>
         <size>0x2b</size>
         <input_file_ref idref="fl-7"/>
      </object_component>
      <object_component id="oc-19e">
         <name>.debug_line</name>
         <load_address>0x12e5</load_address>
         <run_address>0x12e5</run_address>
         <size>0x2b</size>
         <input_file_ref idref="fl-7"/>
      </object_component>
      <object_component id="oc-1a0">
         <name>.debug_line</name>
         <load_address>0x1310</load_address>
         <run_address>0x1310</run_address>
         <size>0x2b</size>
         <input_file_ref idref="fl-7"/>
      </object_component>
      <object_component id="oc-1a2">
         <name>.debug_line</name>
         <load_address>0x133b</load_address>
         <run_address>0x133b</run_address>
         <size>0x2b</size>
         <input_file_ref idref="fl-7"/>
      </object_component>
      <object_component id="oc-93">
         <name>.debug_line</name>
         <load_address>0x1366</load_address>
         <run_address>0x1366</run_address>
         <size>0x3f0</size>
         <input_file_ref idref="fl-7"/>
      </object_component>
      <object_component id="oc-ef">
         <name>.debug_line</name>
         <load_address>0x1756</load_address>
         <run_address>0x1756</run_address>
         <size>0x6a</size>
         <input_file_ref idref="fl-9"/>
      </object_component>
      <object_component id="oc-1a7">
         <name>.debug_line</name>
         <load_address>0x17c0</load_address>
         <run_address>0x17c0</run_address>
         <size>0x3d</size>
         <input_file_ref idref="fl-a"/>
      </object_component>
      <object_component id="oc-ab">
         <name>.debug_line</name>
         <load_address>0x17fd</load_address>
         <run_address>0x17fd</run_address>
         <size>0x28a</size>
         <input_file_ref idref="fl-a"/>
      </object_component>
      <object_component id="oc-1d5">
         <name>.debug_line</name>
         <load_address>0x1a87</load_address>
         <run_address>0x1a87</run_address>
         <size>0x49</size>
         <input_file_ref idref="fl-b"/>
      </object_component>
      <object_component id="oc-155">
         <name>.debug_line</name>
         <load_address>0x1ad0</load_address>
         <run_address>0x1ad0</run_address>
         <size>0x2ab</size>
         <input_file_ref idref="fl-b"/>
      </object_component>
      <object_component id="oc-c0">
         <name>.debug_line</name>
         <load_address>0x1d7b</load_address>
         <run_address>0x1d7b</run_address>
         <size>0x5c</size>
         <input_file_ref idref="fl-c"/>
      </object_component>
      <object_component id="oc-34">
         <name>.debug_line</name>
         <load_address>0x1dd7</load_address>
         <run_address>0x1dd7</run_address>
         <size>0x41</size>
         <input_file_ref idref="fl-c"/>
      </object_component>
      <object_component id="oc-29">
         <name>.debug_line</name>
         <load_address>0x1e18</load_address>
         <run_address>0x1e18</run_address>
         <size>0x1ea</size>
         <input_file_ref idref="fl-c"/>
      </object_component>
      <object_component id="oc-196">
         <name>.debug_line</name>
         <load_address>0x2002</load_address>
         <run_address>0x2002</run_address>
         <size>0x20</size>
         <input_file_ref idref="fl-d"/>
      </object_component>
      <object_component id="oc-76">
         <name>.debug_line</name>
         <load_address>0x2022</load_address>
         <run_address>0x2022</run_address>
         <size>0xec</size>
         <input_file_ref idref="fl-d"/>
      </object_component>
      <object_component id="oc-1af">
         <name>.debug_line</name>
         <load_address>0x210e</load_address>
         <run_address>0x210e</run_address>
         <size>0x4a</size>
         <input_file_ref idref="fl-e"/>
      </object_component>
      <object_component id="oc-118">
         <name>.debug_line</name>
         <load_address>0x2158</load_address>
         <run_address>0x2158</run_address>
         <size>0x77</size>
         <input_file_ref idref="fl-c8"/>
      </object_component>
      <object_component id="oc-b2">
         <name>.debug_line</name>
         <load_address>0x21cf</load_address>
         <run_address>0x21cf</run_address>
         <size>0x43</size>
         <input_file_ref idref="fl-c9"/>
      </object_component>
      <object_component id="oc-110">
         <name>.debug_line</name>
         <load_address>0x2212</load_address>
         <run_address>0x2212</run_address>
         <size>0x4c</size>
         <input_file_ref idref="fl-ca"/>
      </object_component>
      <object_component id="oc-a2">
         <name>.debug_line</name>
         <load_address>0x225e</load_address>
         <run_address>0x225e</run_address>
         <size>0x5b</size>
         <input_file_ref idref="fl-cb"/>
      </object_component>
      <object_component id="oc-b7">
         <name>.debug_line</name>
         <load_address>0x22b9</load_address>
         <run_address>0x22b9</run_address>
         <size>0x81</size>
         <input_file_ref idref="fl-cc"/>
      </object_component>
      <object_component id="oc-147">
         <name>.debug_line</name>
         <load_address>0x233a</load_address>
         <run_address>0x233a</run_address>
         <size>0x92</size>
         <input_file_ref idref="fl-cd"/>
      </object_component>
      <object_component id="oc-54">
         <name>.debug_line</name>
         <load_address>0x23cc</load_address>
         <run_address>0x23cc</run_address>
         <size>0x53</size>
         <input_file_ref idref="fl-cd"/>
      </object_component>
      <object_component id="oc-dd">
         <name>.debug_line</name>
         <load_address>0x241f</load_address>
         <run_address>0x241f</run_address>
         <size>0x34</size>
         <input_file_ref idref="fl-cd"/>
      </object_component>
      <object_component id="oc-144">
         <name>.debug_line</name>
         <load_address>0x2453</load_address>
         <run_address>0x2453</run_address>
         <size>0x92</size>
         <input_file_ref idref="fl-cd"/>
      </object_component>
      <object_component id="oc-d8">
         <name>.debug_line</name>
         <load_address>0x24e5</load_address>
         <run_address>0x24e5</run_address>
         <size>0x20</size>
         <input_file_ref idref="fl-ce"/>
      </object_component>
      <object_component id="oc-1d">
         <name>.debug_line</name>
         <load_address>0x2505</load_address>
         <run_address>0x2505</run_address>
         <size>0x55</size>
         <input_file_ref idref="fl-ce"/>
      </object_component>
      <object_component id="oc-4a">
         <name>.debug_line</name>
         <load_address>0x255a</load_address>
         <run_address>0x255a</run_address>
         <size>0x3a</size>
         <input_file_ref idref="fl-ce"/>
      </object_component>
      <object_component id="oc-d5">
         <name>.debug_line</name>
         <load_address>0x2594</load_address>
         <run_address>0x2594</run_address>
         <size>0x92</size>
         <input_file_ref idref="fl-ce"/>
      </object_component>
      <object_component id="oc-140">
         <name>.debug_line</name>
         <load_address>0x2626</load_address>
         <run_address>0x2626</run_address>
         <size>0x20</size>
         <input_file_ref idref="fl-cf"/>
      </object_component>
      <object_component id="oc-16">
         <name>.debug_line</name>
         <load_address>0x2646</load_address>
         <run_address>0x2646</run_address>
         <size>0xa9</size>
         <input_file_ref idref="fl-cf"/>
      </object_component>
      <object_component id="oc-3a">
         <name>.debug_line</name>
         <load_address>0x26ef</load_address>
         <run_address>0x26ef</run_address>
         <size>0x3a</size>
         <input_file_ref idref="fl-cf"/>
      </object_component>
      <object_component id="oc-13d">
         <name>.debug_line</name>
         <load_address>0x2729</load_address>
         <run_address>0x2729</run_address>
         <size>0x9a</size>
         <input_file_ref idref="fl-cf"/>
      </object_component>
      <object_component id="oc-ce">
         <name>.debug_line</name>
         <load_address>0x27c3</load_address>
         <run_address>0x27c3</run_address>
         <size>0x96</size>
         <input_file_ref idref="fl-cf"/>
      </object_component>
      <object_component id="oc-72">
         <name>.debug_line</name>
         <load_address>0x2859</load_address>
         <run_address>0x2859</run_address>
         <size>0x33</size>
         <input_file_ref idref="fl-d0"/>
      </object_component>
      <object_component id="oc-64">
         <name>.debug_line</name>
         <load_address>0x288c</load_address>
         <run_address>0x288c</run_address>
         <size>0x45</size>
         <input_file_ref idref="fl-d0"/>
      </object_component>
      <object_component id="oc-12b">
         <name>.debug_line</name>
         <load_address>0x28d1</load_address>
         <run_address>0x28d1</run_address>
         <size>0x37</size>
         <input_file_ref idref="fl-d1"/>
      </object_component>
      <object_component id="oc-45">
         <name>.debug_line</name>
         <load_address>0x2908</load_address>
         <run_address>0x2908</run_address>
         <size>0x88</size>
         <input_file_ref idref="fl-d2"/>
      </object_component>
      <object_component id="oc-e4">
         <name>.debug_line</name>
         <load_address>0x2990</load_address>
         <run_address>0x2990</run_address>
         <size>0x79</size>
         <input_file_ref idref="fl-d3"/>
      </object_component>
      <object_component id="oc-1e5">
         <name>.debug_line</name>
         <load_address>0x2a09</load_address>
         <run_address>0x2a09</run_address>
         <size>0xbf</size>
         <input_file_ref idref="fl-d4"/>
      </object_component>
      <object_component id="oc-168">
         <name>.debug_line</name>
         <load_address>0x2ac8</load_address>
         <run_address>0x2ac8</run_address>
         <size>0x6f</size>
         <input_file_ref idref="fl-d4"/>
      </object_component>
      <object_component id="oc-1e9">
         <name>.debug_line</name>
         <load_address>0x2b37</load_address>
         <run_address>0x2b37</run_address>
         <size>0x2e</size>
         <input_file_ref idref="fl-d4"/>
      </object_component>
      <object_component id="oc-1fd">
         <name>.debug_line</name>
         <load_address>0x2b65</load_address>
         <run_address>0x2b65</run_address>
         <size>0x9a</size>
         <input_file_ref idref="fl-d4"/>
      </object_component>
      <object_component id="oc-1ee">
         <name>.debug_line</name>
         <load_address>0x2bff</load_address>
         <run_address>0x2bff</run_address>
         <size>0x97</size>
         <input_file_ref idref="fl-d4"/>
      </object_component>
      <object_component id="oc-1f3">
         <name>.debug_line</name>
         <load_address>0x2c96</load_address>
         <run_address>0x2c96</run_address>
         <size>0x93</size>
         <input_file_ref idref="fl-d4"/>
      </object_component>
      <object_component id="oc-eb">
         <name>.debug_line</name>
         <load_address>0x2d29</load_address>
         <run_address>0x2d29</run_address>
         <size>0x40</size>
         <input_file_ref idref="fl-d5"/>
      </object_component>
      <object_component id="oc-158">
         <name>.debug_line</name>
         <load_address>0x2d69</load_address>
         <run_address>0x2d69</run_address>
         <size>0x3c</size>
         <input_file_ref idref="fl-d7"/>
      </object_component>
      <object_component id="oc-100">
         <name>.debug_abbrev</name>
         <load_address>0x0</load_address>
         <run_address>0x0</run_address>
         <size>0x35</size>
         <input_file_ref idref="fl-2"/>
      </object_component>
      <object_component id="oc-1a8">
         <name>.debug_abbrev</name>
         <load_address>0x35</load_address>
         <run_address>0x35</run_address>
         <size>0x27</size>
         <input_file_ref idref="fl-3"/>
      </object_component>
      <object_component id="oc-1aa">
         <name>.debug_abbrev</name>
         <load_address>0x5c</load_address>
         <run_address>0x5c</run_address>
         <size>0x50</size>
         <input_file_ref idref="fl-3"/>
      </object_component>
      <object_component id="oc-c3">
         <name>.debug_abbrev</name>
         <load_address>0xac</load_address>
         <run_address>0xac</run_address>
         <size>0x69</size>
         <input_file_ref idref="fl-3"/>
      </object_component>
      <object_component id="oc-3e">
         <name>.debug_abbrev</name>
         <load_address>0x115</load_address>
         <run_address>0x115</run_address>
         <size>0x1f</size>
         <input_file_ref idref="fl-3"/>
      </object_component>
      <object_component id="oc-105">
         <name>.debug_abbrev</name>
         <load_address>0x134</load_address>
         <run_address>0x134</run_address>
         <size>0x5c</size>
         <input_file_ref idref="fl-3"/>
      </object_component>
      <object_component id="oc-87">
         <name>.debug_abbrev</name>
         <load_address>0x190</load_address>
         <run_address>0x190</run_address>
         <size>0x24</size>
         <input_file_ref idref="fl-3"/>
      </object_component>
      <object_component id="oc-197">
         <name>.debug_abbrev</name>
         <load_address>0x1b4</load_address>
         <run_address>0x1b4</run_address>
         <size>0x27</size>
         <input_file_ref idref="fl-5"/>
      </object_component>
      <object_component id="oc-101">
         <name>.debug_abbrev</name>
         <load_address>0x1db</load_address>
         <run_address>0x1db</run_address>
         <size>0xc8</size>
         <input_file_ref idref="fl-5"/>
      </object_component>
      <object_component id="oc-c8">
         <name>.debug_abbrev</name>
         <load_address>0x2a3</load_address>
         <run_address>0x2a3</run_address>
         <size>0x44</size>
         <input_file_ref idref="fl-5"/>
      </object_component>
      <object_component id="oc-8c">
         <name>.debug_abbrev</name>
         <load_address>0x2e7</load_address>
         <run_address>0x2e7</run_address>
         <size>0x1f</size>
         <input_file_ref idref="fl-5"/>
      </object_component>
      <object_component id="oc-108">
         <name>.debug_abbrev</name>
         <load_address>0x306</load_address>
         <run_address>0x306</run_address>
         <size>0xf5</size>
         <input_file_ref idref="fl-6"/>
      </object_component>
      <object_component id="oc-128">
         <name>.debug_abbrev</name>
         <load_address>0x3fb</load_address>
         <run_address>0x3fb</run_address>
         <size>0x3d</size>
         <input_file_ref idref="fl-6"/>
      </object_component>
      <object_component id="oc-b9">
         <name>.debug_abbrev</name>
         <load_address>0x438</load_address>
         <run_address>0x438</run_address>
         <size>0x14c</size>
         <input_file_ref idref="fl-6"/>
      </object_component>
      <object_component id="oc-134">
         <name>.debug_abbrev</name>
         <load_address>0x584</load_address>
         <run_address>0x584</run_address>
         <size>0x4b</size>
         <input_file_ref idref="fl-6"/>
      </object_component>
      <object_component id="oc-bc">
         <name>.debug_abbrev</name>
         <load_address>0x5cf</load_address>
         <run_address>0x5cf</run_address>
         <size>0x24</size>
         <input_file_ref idref="fl-6"/>
      </object_component>
      <object_component id="oc-10c">
         <name>.debug_abbrev</name>
         <load_address>0x5f3</load_address>
         <run_address>0x5f3</run_address>
         <size>0x4b</size>
         <input_file_ref idref="fl-6"/>
      </object_component>
      <object_component id="oc-1a3">
         <name>.debug_abbrev</name>
         <load_address>0x63e</load_address>
         <run_address>0x63e</run_address>
         <size>0x51</size>
         <input_file_ref idref="fl-7"/>
      </object_component>
      <object_component id="oc-19b">
         <name>.debug_abbrev</name>
         <load_address>0x68f</load_address>
         <run_address>0x68f</run_address>
         <size>0x27</size>
         <input_file_ref idref="fl-7"/>
      </object_component>
      <object_component id="oc-19d">
         <name>.debug_abbrev</name>
         <load_address>0x6b6</load_address>
         <run_address>0x6b6</run_address>
         <size>0x27</size>
         <input_file_ref idref="fl-7"/>
      </object_component>
      <object_component id="oc-19f">
         <name>.debug_abbrev</name>
         <load_address>0x6dd</load_address>
         <run_address>0x6dd</run_address>
         <size>0x27</size>
         <input_file_ref idref="fl-7"/>
      </object_component>
      <object_component id="oc-1a1">
         <name>.debug_abbrev</name>
         <load_address>0x704</load_address>
         <run_address>0x704</run_address>
         <size>0x27</size>
         <input_file_ref idref="fl-7"/>
      </object_component>
      <object_component id="oc-125">
         <name>.debug_abbrev</name>
         <load_address>0x72b</load_address>
         <run_address>0x72b</run_address>
         <size>0xa9</size>
         <input_file_ref idref="fl-7"/>
      </object_component>
      <object_component id="oc-156">
         <name>.debug_abbrev</name>
         <load_address>0x7d4</load_address>
         <run_address>0x7d4</run_address>
         <size>0x6e</size>
         <input_file_ref idref="fl-9"/>
      </object_component>
      <object_component id="oc-1a6">
         <name>.debug_abbrev</name>
         <load_address>0x842</load_address>
         <run_address>0x842</run_address>
         <size>0xa0</size>
         <input_file_ref idref="fl-a"/>
      </object_component>
      <object_component id="oc-130">
         <name>.debug_abbrev</name>
         <load_address>0x8e2</load_address>
         <run_address>0x8e2</run_address>
         <size>0xe1</size>
         <input_file_ref idref="fl-a"/>
      </object_component>
      <object_component id="oc-1d4">
         <name>.debug_abbrev</name>
         <load_address>0x9c3</load_address>
         <run_address>0x9c3</run_address>
         <size>0x9b</size>
         <input_file_ref idref="fl-b"/>
      </object_component>
      <object_component id="oc-1b1">
         <name>.debug_abbrev</name>
         <load_address>0xa5e</load_address>
         <run_address>0xa5e</run_address>
         <size>0x100</size>
         <input_file_ref idref="fl-b"/>
      </object_component>
      <object_component id="oc-bf">
         <name>.debug_abbrev</name>
         <load_address>0xb5e</load_address>
         <run_address>0xb5e</run_address>
         <size>0xe2</size>
         <input_file_ref idref="fl-c"/>
      </object_component>
      <object_component id="oc-33">
         <name>.debug_abbrev</name>
         <load_address>0xc40</load_address>
         <run_address>0xc40</run_address>
         <size>0x29</size>
         <input_file_ref idref="fl-c"/>
      </object_component>
      <object_component id="oc-84">
         <name>.debug_abbrev</name>
         <load_address>0xc69</load_address>
         <run_address>0xc69</run_address>
         <size>0x106</size>
         <input_file_ref idref="fl-c"/>
      </object_component>
      <object_component id="oc-195">
         <name>.debug_abbrev</name>
         <load_address>0xd6f</load_address>
         <run_address>0xd6f</run_address>
         <size>0x27</size>
         <input_file_ref idref="fl-d"/>
      </object_component>
      <object_component id="oc-fe">
         <name>.debug_abbrev</name>
         <load_address>0xd96</load_address>
         <run_address>0xd96</run_address>
         <size>0xa9</size>
         <input_file_ref idref="fl-d"/>
      </object_component>
      <object_component id="oc-1d3">
         <name>.debug_abbrev</name>
         <load_address>0xe3f</load_address>
         <run_address>0xe3f</run_address>
         <size>0x6c</size>
         <input_file_ref idref="fl-e"/>
      </object_component>
      <object_component id="oc-19a">
         <name>.debug_abbrev</name>
         <load_address>0xeab</load_address>
         <run_address>0xeab</run_address>
         <size>0x3c</size>
         <input_file_ref idref="fl-c8"/>
      </object_component>
      <object_component id="oc-137">
         <name>.debug_abbrev</name>
         <load_address>0xee7</load_address>
         <run_address>0xee7</run_address>
         <size>0x3c</size>
         <input_file_ref idref="fl-c9"/>
      </object_component>
      <object_component id="oc-199">
         <name>.debug_abbrev</name>
         <load_address>0xf23</load_address>
         <run_address>0xf23</run_address>
         <size>0x3e</size>
         <input_file_ref idref="fl-ca"/>
      </object_component>
      <object_component id="oc-12f">
         <name>.debug_abbrev</name>
         <load_address>0xf61</load_address>
         <run_address>0xf61</run_address>
         <size>0x4a</size>
         <input_file_ref idref="fl-cb"/>
      </object_component>
      <object_component id="oc-138">
         <name>.debug_abbrev</name>
         <load_address>0xfab</load_address>
         <run_address>0xfab</run_address>
         <size>0x4a</size>
         <input_file_ref idref="fl-cc"/>
      </object_component>
      <object_component id="oc-146">
         <name>.debug_abbrev</name>
         <load_address>0xff5</load_address>
         <run_address>0xff5</run_address>
         <size>0x5d</size>
         <input_file_ref idref="fl-cd"/>
      </object_component>
      <object_component id="oc-e5">
         <name>.debug_abbrev</name>
         <load_address>0x1052</load_address>
         <run_address>0x1052</run_address>
         <size>0x74</size>
         <input_file_ref idref="fl-cd"/>
      </object_component>
      <object_component id="oc-dc">
         <name>.debug_abbrev</name>
         <load_address>0x10c6</load_address>
         <run_address>0x10c6</run_address>
         <size>0x24</size>
         <input_file_ref idref="fl-cd"/>
      </object_component>
      <object_component id="oc-143">
         <name>.debug_abbrev</name>
         <load_address>0x10ea</load_address>
         <run_address>0x10ea</run_address>
         <size>0x24</size>
         <input_file_ref idref="fl-cd"/>
      </object_component>
      <object_component id="oc-d7">
         <name>.debug_abbrev</name>
         <load_address>0x110e</load_address>
         <run_address>0x110e</run_address>
         <size>0x37</size>
         <input_file_ref idref="fl-ce"/>
      </object_component>
      <object_component id="oc-46">
         <name>.debug_abbrev</name>
         <load_address>0x1145</load_address>
         <run_address>0x1145</run_address>
         <size>0x74</size>
         <input_file_ref idref="fl-ce"/>
      </object_component>
      <object_component id="oc-49">
         <name>.debug_abbrev</name>
         <load_address>0x11b9</load_address>
         <run_address>0x11b9</run_address>
         <size>0x24</size>
         <input_file_ref idref="fl-ce"/>
      </object_component>
      <object_component id="oc-d4">
         <name>.debug_abbrev</name>
         <load_address>0x11dd</load_address>
         <run_address>0x11dd</run_address>
         <size>0x24</size>
         <input_file_ref idref="fl-ce"/>
      </object_component>
      <object_component id="oc-13f">
         <name>.debug_abbrev</name>
         <load_address>0x1201</load_address>
         <run_address>0x1201</run_address>
         <size>0x37</size>
         <input_file_ref idref="fl-cf"/>
      </object_component>
      <object_component id="oc-36">
         <name>.debug_abbrev</name>
         <load_address>0x1238</load_address>
         <run_address>0x1238</run_address>
         <size>0x6f</size>
         <input_file_ref idref="fl-cf"/>
      </object_component>
      <object_component id="oc-39">
         <name>.debug_abbrev</name>
         <load_address>0x12a7</load_address>
         <run_address>0x12a7</run_address>
         <size>0x24</size>
         <input_file_ref idref="fl-cf"/>
      </object_component>
      <object_component id="oc-13c">
         <name>.debug_abbrev</name>
         <load_address>0x12cb</load_address>
         <run_address>0x12cb</run_address>
         <size>0x35</size>
         <input_file_ref idref="fl-cf"/>
      </object_component>
      <object_component id="oc-cd">
         <name>.debug_abbrev</name>
         <load_address>0x1300</load_address>
         <run_address>0x1300</run_address>
         <size>0x24</size>
         <input_file_ref idref="fl-cf"/>
      </object_component>
      <object_component id="oc-71">
         <name>.debug_abbrev</name>
         <load_address>0x1324</load_address>
         <run_address>0x1324</run_address>
         <size>0x29</size>
         <input_file_ref idref="fl-d0"/>
      </object_component>
      <object_component id="oc-f5">
         <name>.debug_abbrev</name>
         <load_address>0x134d</load_address>
         <run_address>0x134d</run_address>
         <size>0x55</size>
         <input_file_ref idref="fl-d0"/>
      </object_component>
      <object_component id="oc-1a5">
         <name>.debug_abbrev</name>
         <load_address>0x13a2</load_address>
         <run_address>0x13a2</run_address>
         <size>0x38</size>
         <input_file_ref idref="fl-d1"/>
      </object_component>
      <object_component id="oc-d1">
         <name>.debug_abbrev</name>
         <load_address>0x13da</load_address>
         <run_address>0x13da</run_address>
         <size>0x3e</size>
         <input_file_ref idref="fl-d2"/>
      </object_component>
      <object_component id="oc-148">
         <name>.debug_abbrev</name>
         <load_address>0x1418</load_address>
         <run_address>0x1418</run_address>
         <size>0x4f</size>
         <input_file_ref idref="fl-d3"/>
      </object_component>
      <object_component id="oc-1e4">
         <name>.debug_abbrev</name>
         <load_address>0x1467</load_address>
         <run_address>0x1467</run_address>
         <size>0xc0</size>
         <input_file_ref idref="fl-d4"/>
      </object_component>
      <object_component id="oc-1bd">
         <name>.debug_abbrev</name>
         <load_address>0x1527</load_address>
         <run_address>0x1527</run_address>
         <size>0x7e</size>
         <input_file_ref idref="fl-d4"/>
      </object_component>
      <object_component id="oc-1e8">
         <name>.debug_abbrev</name>
         <load_address>0x15a5</load_address>
         <run_address>0x15a5</run_address>
         <size>0x24</size>
         <input_file_ref idref="fl-d4"/>
      </object_component>
      <object_component id="oc-1fc">
         <name>.debug_abbrev</name>
         <load_address>0x15c9</load_address>
         <run_address>0x15c9</run_address>
         <size>0x24</size>
         <input_file_ref idref="fl-d4"/>
      </object_component>
      <object_component id="oc-1ed">
         <name>.debug_abbrev</name>
         <load_address>0x15ed</load_address>
         <run_address>0x15ed</run_address>
         <size>0x24</size>
         <input_file_ref idref="fl-d4"/>
      </object_component>
      <object_component id="oc-1f2">
         <name>.debug_abbrev</name>
         <load_address>0x1611</load_address>
         <run_address>0x1611</run_address>
         <size>0x4b</size>
         <input_file_ref idref="fl-d4"/>
      </object_component>
      <object_component id="oc-149">
         <name>.debug_abbrev</name>
         <load_address>0x165c</load_address>
         <run_address>0x165c</run_address>
         <size>0x55</size>
         <input_file_ref idref="fl-d5"/>
      </object_component>
      <object_component id="oc-1b3">
         <name>.debug_abbrev</name>
         <load_address>0x16b1</load_address>
         <run_address>0x16b1</run_address>
         <size>0x45</size>
         <input_file_ref idref="fl-d7"/>
      </object_component>
      <object_component id="oc-236">
         <name>.debug_abbrev</name>
         <load_address>0x16f6</load_address>
         <run_address>0x16f6</run_address>
         <size>0xf</size>
      </object_component>
      <object_component id="oc-7b">
         <name>.debug_aranges</name>
         <load_address>0x0</load_address>
         <run_address>0x0</run_address>
         <size>0x20</size>
         <input_file_ref idref="fl-2"/>
      </object_component>
      <object_component id="oc-14c">
         <name>.debug_aranges</name>
         <load_address>0x20</load_address>
         <run_address>0x20</run_address>
         <size>0x20</size>
         <input_file_ref idref="fl-3"/>
      </object_component>
      <object_component id="oc-81">
         <name>.debug_aranges</name>
         <load_address>0x40</load_address>
         <run_address>0x40</run_address>
         <size>0xe0</size>
         <input_file_ref idref="fl-5"/>
      </object_component>
      <object_component id="oc-2f">
         <name>.debug_aranges</name>
         <load_address>0x120</load_address>
         <run_address>0x120</run_address>
         <size>0x108</size>
         <input_file_ref idref="fl-6"/>
      </object_component>
      <object_component id="oc-95">
         <name>.debug_aranges</name>
         <load_address>0x228</load_address>
         <run_address>0x228</run_address>
         <size>0x60</size>
         <input_file_ref idref="fl-7"/>
      </object_component>
      <object_component id="oc-ee">
         <name>.debug_aranges</name>
         <load_address>0x288</load_address>
         <run_address>0x288</run_address>
         <size>0x20</size>
         <input_file_ref idref="fl-9"/>
      </object_component>
      <object_component id="oc-aa">
         <name>.debug_aranges</name>
         <load_address>0x2a8</load_address>
         <run_address>0x2a8</run_address>
         <size>0x68</size>
         <input_file_ref idref="fl-a"/>
      </object_component>
      <object_component id="oc-152">
         <name>.debug_aranges</name>
         <load_address>0x310</load_address>
         <run_address>0x310</run_address>
         <size>0x88</size>
         <input_file_ref idref="fl-b"/>
      </object_component>
      <object_component id="oc-2b">
         <name>.debug_aranges</name>
         <load_address>0x398</load_address>
         <run_address>0x398</run_address>
         <size>0x60</size>
         <input_file_ref idref="fl-c"/>
      </object_component>
      <object_component id="oc-74">
         <name>.debug_aranges</name>
         <load_address>0x3f8</load_address>
         <run_address>0x3f8</run_address>
         <size>0x48</size>
         <input_file_ref idref="fl-d"/>
      </object_component>
      <object_component id="oc-1ae">
         <name>.debug_aranges</name>
         <load_address>0x440</load_address>
         <run_address>0x440</run_address>
         <size>0x20</size>
         <input_file_ref idref="fl-e"/>
      </object_component>
      <object_component id="oc-116">
         <name>.debug_aranges</name>
         <load_address>0x460</load_address>
         <run_address>0x460</run_address>
         <size>0x20</size>
         <input_file_ref idref="fl-c8"/>
      </object_component>
      <object_component id="oc-af">
         <name>.debug_aranges</name>
         <load_address>0x480</load_address>
         <run_address>0x480</run_address>
         <size>0x20</size>
         <input_file_ref idref="fl-c9"/>
      </object_component>
      <object_component id="oc-112">
         <name>.debug_aranges</name>
         <load_address>0x4a0</load_address>
         <run_address>0x4a0</run_address>
         <size>0x20</size>
         <input_file_ref idref="fl-ca"/>
      </object_component>
      <object_component id="oc-a3">
         <name>.debug_aranges</name>
         <load_address>0x4c0</load_address>
         <run_address>0x4c0</run_address>
         <size>0x20</size>
         <input_file_ref idref="fl-cb"/>
      </object_component>
      <object_component id="oc-b6">
         <name>.debug_aranges</name>
         <load_address>0x4e0</load_address>
         <run_address>0x4e0</run_address>
         <size>0x20</size>
         <input_file_ref idref="fl-cc"/>
      </object_component>
      <object_component id="oc-56">
         <name>.debug_aranges</name>
         <load_address>0x500</load_address>
         <run_address>0x500</run_address>
         <size>0x20</size>
         <input_file_ref idref="fl-cd"/>
      </object_component>
      <object_component id="oc-1c">
         <name>.debug_aranges</name>
         <load_address>0x520</load_address>
         <run_address>0x520</run_address>
         <size>0x20</size>
         <input_file_ref idref="fl-ce"/>
      </object_component>
      <object_component id="oc-18">
         <name>.debug_aranges</name>
         <load_address>0x540</load_address>
         <run_address>0x540</run_address>
         <size>0x20</size>
         <input_file_ref idref="fl-cf"/>
      </object_component>
      <object_component id="oc-61">
         <name>.debug_aranges</name>
         <load_address>0x560</load_address>
         <run_address>0x560</run_address>
         <size>0x20</size>
         <input_file_ref idref="fl-d0"/>
      </object_component>
      <object_component id="oc-12c">
         <name>.debug_aranges</name>
         <load_address>0x580</load_address>
         <run_address>0x580</run_address>
         <size>0x20</size>
         <input_file_ref idref="fl-d1"/>
      </object_component>
      <object_component id="oc-43">
         <name>.debug_aranges</name>
         <load_address>0x5a0</load_address>
         <run_address>0x5a0</run_address>
         <size>0x20</size>
         <input_file_ref idref="fl-d2"/>
      </object_component>
      <object_component id="oc-e2">
         <name>.debug_aranges</name>
         <load_address>0x5c0</load_address>
         <run_address>0x5c0</run_address>
         <size>0x28</size>
         <input_file_ref idref="fl-d3"/>
      </object_component>
      <object_component id="oc-166">
         <name>.debug_aranges</name>
         <load_address>0x5e8</load_address>
         <run_address>0x5e8</run_address>
         <size>0x20</size>
         <input_file_ref idref="fl-d4"/>
      </object_component>
      <object_component id="oc-e9">
         <name>.debug_aranges</name>
         <load_address>0x608</load_address>
         <run_address>0x608</run_address>
         <size>0x20</size>
         <input_file_ref idref="fl-d5"/>
      </object_component>
      <object_component id="oc-15a">
         <name>.debug_aranges</name>
         <load_address>0x628</load_address>
         <run_address>0x628</run_address>
         <size>0x20</size>
         <input_file_ref idref="fl-d7"/>
      </object_component>
      <object_component id="oc-7c">
         <name>.debug_pubnames</name>
         <load_address>0x0</load_address>
         <run_address>0x0</run_address>
         <size>0x28</size>
         <input_file_ref idref="fl-2"/>
      </object_component>
      <object_component id="oc-14d">
         <name>.debug_pubnames</name>
         <load_address>0x28</load_address>
         <run_address>0x28</run_address>
         <size>0x2d</size>
         <input_file_ref idref="fl-3"/>
      </object_component>
      <object_component id="oc-82">
         <name>.debug_pubnames</name>
         <load_address>0x55</load_address>
         <run_address>0x55</run_address>
         <size>0x25d</size>
         <input_file_ref idref="fl-5"/>
      </object_component>
      <object_component id="oc-91">
         <name>.debug_pubnames</name>
         <load_address>0x2b2</load_address>
         <run_address>0x2b2</run_address>
         <size>0x4d</size>
         <input_file_ref idref="fl-6"/>
      </object_component>
      <object_component id="oc-9b">
         <name>.debug_pubnames</name>
         <load_address>0x2ff</load_address>
         <run_address>0x2ff</run_address>
         <size>0x8d</size>
         <input_file_ref idref="fl-6"/>
      </object_component>
      <object_component id="oc-30">
         <name>.debug_pubnames</name>
         <load_address>0x38c</load_address>
         <run_address>0x38c</run_address>
         <size>0x1a0</size>
         <input_file_ref idref="fl-6"/>
      </object_component>
      <object_component id="oc-127">
         <name>.debug_pubnames</name>
         <load_address>0x52c</load_address>
         <run_address>0x52c</run_address>
         <size>0x26</size>
         <input_file_ref idref="fl-7"/>
      </object_component>
      <object_component id="oc-11b">
         <name>.debug_pubnames</name>
         <load_address>0x552</load_address>
         <run_address>0x552</run_address>
         <size>0x37</size>
         <input_file_ref idref="fl-7"/>
      </object_component>
      <object_component id="oc-11e">
         <name>.debug_pubnames</name>
         <load_address>0x589</load_address>
         <run_address>0x589</run_address>
         <size>0x1e</size>
         <input_file_ref idref="fl-7"/>
      </object_component>
      <object_component id="oc-121">
         <name>.debug_pubnames</name>
         <load_address>0x5a7</load_address>
         <run_address>0x5a7</run_address>
         <size>0x2b</size>
         <input_file_ref idref="fl-7"/>
      </object_component>
      <object_component id="oc-124">
         <name>.debug_pubnames</name>
         <load_address>0x5d2</load_address>
         <run_address>0x5d2</run_address>
         <size>0x1d</size>
         <input_file_ref idref="fl-7"/>
      </object_component>
      <object_component id="oc-96">
         <name>.debug_pubnames</name>
         <load_address>0x5ef</load_address>
         <run_address>0x5ef</run_address>
         <size>0xb9</size>
         <input_file_ref idref="fl-7"/>
      </object_component>
      <object_component id="oc-f1">
         <name>.debug_pubnames</name>
         <load_address>0x6a8</load_address>
         <run_address>0x6a8</run_address>
         <size>0x1b</size>
         <input_file_ref idref="fl-9"/>
      </object_component>
      <object_component id="oc-a9">
         <name>.debug_pubnames</name>
         <load_address>0x6c3</load_address>
         <run_address>0x6c3</run_address>
         <size>0xab</size>
         <input_file_ref idref="fl-a"/>
      </object_component>
      <object_component id="oc-153">
         <name>.debug_pubnames</name>
         <load_address>0x76e</load_address>
         <run_address>0x76e</run_address>
         <size>0xc6</size>
         <input_file_ref idref="fl-b"/>
      </object_component>
      <object_component id="oc-14">
         <name>.debug_pubnames</name>
         <load_address>0x834</load_address>
         <run_address>0x834</run_address>
         <size>0x23</size>
         <input_file_ref idref="fl-c"/>
      </object_component>
      <object_component id="oc-2c">
         <name>.debug_pubnames</name>
         <load_address>0x857</load_address>
         <run_address>0x857</run_address>
         <size>0xad</size>
         <input_file_ref idref="fl-c"/>
      </object_component>
      <object_component id="oc-78">
         <name>.debug_pubnames</name>
         <load_address>0x904</load_address>
         <run_address>0x904</run_address>
         <size>0x6e</size>
         <input_file_ref idref="fl-d"/>
      </object_component>
      <object_component id="oc-1ad">
         <name>.debug_pubnames</name>
[...]
      </symbol>
      <symbol id="sm-f3">
         <name>enablePinPullup</name>
         <value>0x25f3</value>
         <object_component_ref idref="oc-7e"/>
      </symbol>
      <symbol id="sm-f4">
         <name>togglePinValue</name>
         <value>0x299f</value>
         <object_component_ref idref="oc-7e"/>
      </symbol>
      <symbol id="sm-f5">
         <name>getPinValue</name>
         <value>0x29c3</value>
         <object_component_ref idref="oc-7e"/>
      </symbol>
      <symbol id="sm-f6">
         <name>enablePinPulldown</name>
         <value>0x2645</value>
         <object_component_ref idref="oc-7e"/>
      </symbol>
      <symbol id="sm-f7">
         <name>disablePinPullup</name>
         <value>0x2621</value>
         <object_component_ref idref="oc-7e"/>
      </symbol>
      <symbol id="sm-f8">
         <name>selectPinDigitalInput</name>
         <value>0x24d9</value>
         <object_component_ref idref="oc-7e"/>
      </symbol>
      <symbol id="sm-f9">
         <name>selectPinInterruptRisingEdge</name>
         <value>0x27a3</value>
         <object_component_ref idref="oc-7e"/>
      </symbol>
      <symbol id="sm-fa">
         <name>setPinValue</name>
         <value>0x2979</value>
         <object_component_ref idref="oc-7e"/>
      </symbol>
      <symbol id="sm-2a0">
         <name>mutexes</name>
         <value>0x20000488</value>
      </symbol>
      <symbol id="sm-2a1">
         <name>semaphores</name>
         <value>0x2000046c</value>
      </symbol>
      <symbol id="sm-2a2">
         <name>tcb</name>
         <value>0x20000000</value>
      </symbol>
      <symbol id="sm-2a3">
         <name>k</name>
         <value>0x20000498</value>
      </symbol>
      <symbol id="sm-2a4">
         <name>reg</name>
         <value>0x20000490</value>
      </symbol>
      <symbol id="sm-2a5">
         <name>track</name>
         <value>0x20000499</value>
      </symbol>
      <symbol id="sm-2a6">
         <name>priorityInheritance</name>
         <value>0x200006ac</value>
         <object_component_ref idref="oc-99"/>
      </symbol>
      <symbol id="sm-2a7">
         <name>ipcsv</name>
         <value>0xcc5</value>
         <object_component_ref idref="oc-2d"/>
      </symbol>
      <symbol id="sm-2a8">
         <name>change</name>
         <value>0x200006a8</value>
         <object_component_ref idref="oc-99"/>
      </symbol>
      <symbol id="sm-2a9">
         <name>schedsv</name>
         <value>0xca9</value>
         <object_component_ref idref="oc-2d"/>
      </symbol>
      <symbol id="sm-2aa">
         <name>initRtos</name>
         <value>0x2ed</value>
         <object_component_ref idref="oc-2d"/>
      </symbol>
      <symbol id="sm-2ab">
         <name>initSemaphore</name>
         <value>0x2b5</value>
         <object_component_ref idref="oc-2d"/>
      </symbol>
      <symbol id="sm-2ac">
         <name>pidofsv</name>
         <value>0xcb9</value>
         <object_component_ref idref="oc-2d"/>
      </symbol>
      <symbol id="sm-2ad">
         <name>killsv</name>
         <value>0xcc9</value>
         <object_component_ref idref="oc-2d"/>
      </symbol>
      <symbol id="sm-2ae">
         <name>pendSvIsr</name>
         <value>0xea5</value>
         <object_component_ref idref="oc-2d"/>
      </symbol>
      <symbol id="sm-2af">
         <name>initMutex</name>
         <value>0x26d</value>
         <object_component_ref idref="oc-2d"/>
      </symbol>
      <symbol id="sm-2b0">
         <name>rtosScheduler</name>
         <value>0x333</value>
         <object_component_ref idref="oc-2d"/>
      </symbol>
      <symbol id="sm-2b1">
         <name>taskCount</name>
         <value>0x200006aa</value>
         <object_component_ref idref="oc-99"/>
      </symbol>
      <symbol id="sm-2b2">
         <name>stopThread</name>
         <value>0x97d</value>
         <object_component_ref idref="oc-2d"/>
      </symbol>
      <symbol id="sm-2b3">
         <name>systickIsr</name>
         <value>0xd11</value>
         <object_component_ref idref="oc-2d"/>
      </symbol>
      <symbol id="sm-2b4">
         <name>preemption</name>
         <value>0x200006ad</value>
         <object_component_ref idref="oc-99"/>
      </symbol>
      <symbol id="sm-2b5">
         <name>unlock</name>
         <value>0xc7b</value>
         <object_component_ref idref="oc-2d"/>
      </symbol>
      <symbol id="sm-2b6">
         <name>runsv</name>
         <value>0xce1</value>
         <object_component_ref idref="oc-2d"/>
      </symbol>
      <symbol id="sm-2b7">
         <name>restartThread</name>
         <value>0x8ed</value>
         <object_component_ref idref="oc-2d"/>
      </symbol>
      <symbol id="sm-2b8">
         <name>type</name>
         <value>0x200006a0</value>
         <object_component_ref idref="oc-99"/>
      </symbol>
      <symbol id="sm-2b9">
         <name>pkillsv</name>
         <value>0xcd5</value>
         <object_component_ref idref="oc-2d"/>
      </symbol>
      <symbol id="sm-2ba">
         <name>priorityscheduler</name>
         <value>0x8dd</value>
         <object_component_ref idref="oc-2d"/>
      </symbol>
      <symbol id="sm-2bb">
         <name>convert</name>
         <value>0x1905</value>
         <object_component_ref idref="oc-2d"/>
      </symbol>
      <symbol id="sm-2bc">
         <name>wait</name>
         <value>0xc8d</value>
         <object_component_ref idref="oc-2d"/>
      </symbol>
      <symbol id="sm-2bd">
         <name>svCallIsr</name>
         <value>0x106d</value>
         <object_component_ref idref="oc-2d"/>
      </symbol>
      <symbol id="sm-2be">
         <name>pssv</name>
         <value>0xced</value>
         <object_component_ref idref="oc-2d"/>
      </symbol>
      <symbol id="sm-2bf">
         <name>taskCurrent</name>
         <value>0x200006a9</value>
         <object_component_ref idref="oc-99"/>
      </symbol>
      <symbol id="sm-2c0">
         <name>preemptsv</name>
         <value>0xcf5</value>
         <object_component_ref idref="oc-2d"/>
      </symbol>
      <symbol id="sm-2c1">
         <name>pidint</name>
         <value>0xdf5</value>
         <object_component_ref idref="oc-2d"/>
      </symbol>
      <symbol id="sm-2c2">
         <name>post</name>
         <value>0xc9b</value>
         <object_component_ref idref="oc-2d"/>
      </symbol>
      <symbol id="sm-2c3">
         <name>startRtos</name>
         <value>0x4e9</value>
         <object_component_ref idref="oc-2d"/>
      </symbol>
      <symbol id="sm-2c4">
         <name>setThreadPriority</name>
         <value>0xc4b</value>
         <object_component_ref idref="oc-2d"/>
      </symbol>
      <symbol id="sm-2c5">
         <name>priorityScheduler</name>
         <value>0x200006ab</value>
         <object_component_ref idref="oc-99"/>
      </symbol>
      <symbol id="sm-2c6">
         <name>createThread</name>
         <value>0x579</value>
         <object_component_ref idref="oc-2d"/>
      </symbol>
      <symbol id="sm-2c7">
         <name>rebootsv</name>
         <value>0xcf1</value>
         <object_component_ref idref="oc-2d"/>
      </symbol>
      <symbol id="sm-2c8">
         <name>yield</name>
         <value>0xc59</value>
         <object_component_ref idref="oc-2d"/>
      </symbol>
      <symbol id="sm-2c9">
         <name>lock</name>
         <value>0xc6d</value>
         <object_component_ref idref="oc-2d"/>
      </symbol>
      <symbol id="sm-2ca">
         <name>sleep</name>
         <value>0xc5d</value>
         <object_component_ref idref="oc-2d"/>
      </symbol>
      <symbol id="sm-384">
         <name>block4rule</name>
         <value>0x2209</value>
         <object_component_ref idref="oc-92"/>
      </symbol>
      <symbol id="sm-385">
         <name>block8rule</name>
         <value>0x21e3</value>
         <object_component_ref idref="oc-92"/>
      </symbol>
      <symbol id="sm-386">
         <name>setupSramAccess</name>
         <value>0x21b5</value>
         <object_component_ref idref="oc-92"/>
      </symbol>
      <symbol id="sm-387">
         <name>initMpu</name>
         <value>0x2155</value>
         <object_component_ref idref="oc-92"/>
      </symbol>
      <symbol id="sm-388">
         <name>applySramSrdMask</name>
         <value>0x2229</value>
         <object_component_ref idref="oc-92"/>
      </symbol>
      <symbol id="sm-389">
         <name>allowFlashAccess</name>
         <value>0x218b</value>
         <object_component_ref idref="oc-92"/>
      </symbol>
      <symbol id="sm-38a">
         <name>allowPeripheralAccess</name>
         <value>0x21a3</value>
         <object_component_ref idref="oc-92"/>
      </symbol>
      <symbol id="sm-38b">
         <name>overallaccess</name>
         <value>0x217d</value>
         <object_component_ref idref="oc-92"/>
      </symbol>
      <symbol id="sm-38c">
         <name>mallocFromHeap</name>
         <value>0x1a05</value>
         <object_component_ref idref="oc-92"/>
      </symbol>
      <symbol id="sm-3ba">
         <name>main</name>
         <value>0x3801</value>
         <object_component_ref idref="oc-ec"/>
      </symbol>
      <symbol id="sm-40f">
         <name>is_numeric</name>
         <value>0x2bb3</value>
         <object_component_ref idref="oc-a7"/>
      </symbol>
      <symbol id="sm-410">
         <name>is_delimiter</name>
         <value>0x2bd9</value>
         <object_component_ref idref="oc-a7"/>
      </symbol>
      <symbol id="sm-411">
         <name>isCommand</name>
         <value>0x2ddd</value>
         <object_component_ref idref="oc-a7"/>
      </symbol>
      <symbol id="sm-412">
         <name>is_alpha</name>
         <value>0x2b7d</value>
         <object_component_ref idref="oc-a7"/>
      </symbol>
      <symbol id="sm-413">
         <name>getFieldString</name>
         <value>0x2cd7</value>
         <object_component_ref idref="oc-a7"/>
      </symbol>
      <symbol id="sm-414">
         <name>parseFields</name>
         <value>0x2c01</value>
         <object_component_ref idref="oc-a7"/>
      </symbol>
      <symbol id="sm-415">
         <name>getFieldInteger</name>
         <value>0x2d11</value>
         <object_component_ref idref="oc-a7"/>
      </symbol>
      <symbol id="sm-416">
         <name>shell</name>
         <value>0x2e0f</value>
         <object_component_ref idref="oc-a7"/>
      </symbol>
      <symbol id="sm-417">
         <name>strcompare</name>
         <value>0x2d93</value>
         <object_component_ref idref="oc-a7"/>
      </symbol>
      <symbol id="sm-418">
         <name>getsUart0</name>
         <value>0x2b09</value>
         <object_component_ref idref="oc-a7"/>
      </symbol>
      <symbol id="sm-46f">
         <name>idle3</name>
         <value>0x357b</value>
         <object_component_ref idref="oc-150"/>
      </symbol>
      <symbol id="sm-470">
         <name>idle2</name>
         <value>0x3559</value>
         <object_component_ref idref="oc-150"/>
      </symbol>
      <symbol id="sm-471">
         <name>initHw</name>
         <value>0x3401</value>
         <object_component_ref idref="oc-150"/>
      </symbol>
      <symbol id="sm-472">
         <name>flash4Hz</name>
         <value>0x359d</value>
         <object_component_ref idref="oc-150"/>
      </symbol>
      <symbol id="sm-473">
         <name>idle</name>
         <value>0x3535</value>
         <object_component_ref idref="oc-150"/>
      </symbol>
      <symbol id="sm-474">
         <name>readKeys</name>
         <value>0x3661</value>
         <object_component_ref idref="oc-150"/>
      </symbol>
      <symbol id="sm-475">
         <name>debounce</name>
         <value>0x3731</value>
         <object_component_ref idref="oc-150"/>
      </symbol>
      <symbol id="sm-476">
         <name>partOfLengthyFn</name>
         <value>0x35f1</value>
         <object_component_ref idref="oc-150"/>
      </symbol>
      <symbol id="sm-477">
         <name>oneshot</name>
         <value>0x35cb</value>
         <object_component_ref idref="oc-150"/>
      </symbol>
      <symbol id="sm-478">
         <name>readPbs</name>
         <value>0x34db</value>
         <object_component_ref idref="oc-150"/>
      </symbol>
      <symbol id="sm-479">
         <name>errant</name>
         <value>0x37a1</value>
         <object_component_ref idref="oc-150"/>
      </symbol>
      <symbol id="sm-47a">
         <name>uncooperative</name>
         <value>0x3773</value>
         <object_component_ref idref="oc-150"/>
      </symbol>
      <symbol id="sm-47b">
         <name>important</name>
         <value>0x37bf</value>
         <object_component_ref idref="oc-150"/>
      </symbol>
      <symbol id="sm-47c">
         <name>lengthyFn</name>
         <value>0x3601</value>
         <object_component_ref idref="oc-150"/>
      </symbol>
      <symbol id="sm-4c5">
         <name>portBhandler</name>
         <value>0x327d</value>
         <object_component_ref idref="oc-27"/>
      </symbol>
      <symbol id="sm-4c6">
         <name>ResetISR</name>
         <value>0x30bd</value>
         <object_component_ref idref="oc-27"/>
      </symbol>
      <symbol id="sm-4c7">
         <name>bintohextostr</name>
         <value>0x2fa5</value>
         <object_component_ref idref="oc-27"/>
      </symbol>
      <symbol id="sm-4c8">
         <name>busfaulthandler</name>
         <value>0x3119</value>
         <object_component_ref idref="oc-27"/>
      </symbol>
      <symbol id="sm-4c9">
         <name>usagefaulthandler</name>
         <value>0x3123</value>
         <object_component_ref idref="oc-27"/>
      </symbol>
      <symbol id="sm-4ca">
         <name>g_pfnVectors</name>
         <value>0x0</value>
         <object_component_ref idref="oc-12"/>
      </symbol>
      <symbol id="sm-4cb">
         <name>mpufaulthandler</name>
         <value>0x312d</value>
         <object_component_ref idref="oc-27"/>
      </symbol>
      <symbol id="sm-4f2">
         <name>getcUart0</name>
         <value>0x3b01</value>
         <object_component_ref idref="oc-73"/>
      </symbol>
      <symbol id="sm-4f3">
         <name>kbhitUart0</name>
         <value>0x3b15</value>
         <object_component_ref idref="oc-73"/>
      </symbol>
      <symbol id="sm-4f4">
         <name>setUart0BaudRate</name>
         <value>0x3a75</value>
         <object_component_ref idref="oc-73"/>
      </symbol>
      <symbol id="sm-4f5">
         <name>putsUart0</name>
         <value>0x3ad5</value>
         <object_component_ref idref="oc-73"/>
      </symbol>
      <symbol id="sm-4f6">
         <name>initUart0</name>
         <value>0x3a01</value>
         <object_component_ref idref="oc-73"/>
      </symbol>
      <symbol id="sm-4f7">
         <name>putcUart0</name>
         <value>0x3ab9</value>
         <object_component_ref idref="oc-73"/>
      </symbol>
      <symbol id="sm-505">
         <name>waitMicrosecond</name>
         <value>0x4019</value>
         <object_component_ref idref="oc-1ab"/>
      </symbol>
      <symbol id="sm-517">
         <name>__aeabi_cdcmpeq</name>
         <value>0x3dd7</value>
         <object_component_ref idref="oc-114"/>
      </symbol>
      <symbol id="sm-518">
         <name>__aeabi_cdcmple</name>
         <value>0x3dd7</value>
         <object_component_ref idref="oc-114"/>
      </symbol>
      <symbol id="sm-521">
         <name>__aeabi_lmul</name>
         <value>0x4039</value>
         <object_component_ref idref="oc-ae"/>
      </symbol>
      <symbol id="sm-52b">
         <name>__aeabi_ui2d</name>
         <value>0x3ff9</value>
         <object_component_ref idref="oc-10f"/>
      </symbol>
      <symbol id="sm-53a">
         <name>__aeabi_uidivmod</name>
         <value>0x3f85</value>
         <object_component_ref idref="oc-a1"/>
      </symbol>
      <symbol id="sm-53b">
         <name>__aeabi_uidiv</name>
         <value>0x3f85</value>
         <object_component_ref idref="oc-a1"/>
      </symbol>
      <symbol id="sm-548">
         <name>__aeabi_uldivmod</name>
         <value>0x3d41</value>
         <object_component_ref idref="oc-b3"/>
      </symbol>
      <symbol id="sm-55f">
         <name>__TI_zero_init</name>
         <value>0x406f</value>
         <object_component_ref idref="oc-53"/>
      </symbol>
      <symbol id="sm-576">
         <name>__TI_decompress_none</name>
         <value>0x4061</value>
         <object_component_ref idref="oc-1b"/>
      </symbol>
      <symbol id="sm-599">
         <name>__TI_decompress_lzss</name>
         <value>0x3ed7</value>
         <object_component_ref idref="oc-15"/>
      </symbol>
      <symbol id="sm-5ac">
         <name>__stack</name>
         <value>0x200004a0</value>
         <object_component_ref idref="oc-24"/>
      </symbol>
      <symbol id="sm-5ad">
         <name>_c_int00_noargs</name>
         <value>0x3fc5</value>
         <object_component_ref idref="oc-5f"/>
      </symbol>
      <symbol id="sm-5b7">
         <name>__aeabi_idiv0</name>
         <value>0x3f3f</value>
         <object_component_ref idref="oc-12a"/>
      </symbol>
      <symbol id="sm-5b8">
         <name>__aeabi_ldiv0</name>
         <value>0x3f3f</value>
         <object_component_ref idref="oc-12a"/>
      </symbol>
      <symbol id="sm-5d3">
         <name>memcpy</name>
         <value>0x3ca5</value>
         <object_component_ref idref="oc-41"/>
      </symbol>
      <symbol id="sm-5d4">
         <name>__aeabi_memcpy</name>
         <value>0x3ca5</value>
         <object_component_ref idref="oc-41"/>
      </symbol>
      <symbol id="sm-5d5">
         <name>__aeabi_memcpy8</name>
         <value>0x3ca5</value>
         <object_component_ref idref="oc-41"/>
      </symbol>
      <symbol id="sm-5d6">
         <name>__aeabi_memcpy4</name>
         <value>0x3ca5</value>
         <object_component_ref idref="oc-41"/>
      </symbol>
      <symbol id="sm-5e5">
         <name>__aeabi_memset</name>
         <value>0x3e5f</value>
         <object_component_ref idref="oc-e0"/>
      </symbol>
      <symbol id="sm-5e6">
         <name>memset</name>
         <value>0x3e65</value>
         <object_component_ref idref="oc-e0"/>
      </symbol>
      <symbol id="sm-5e7">
         <name>__aeabi_memset8</name>
         <value>0x3e5f</value>
         <object_component_ref idref="oc-e0"/>
      </symbol>
      <symbol id="sm-5e8">
         <name>__aeabi_memset4</name>
         <value>0x3e5f</value>
         <object_component_ref idref="oc-e0"/>
      </symbol>
      <symbol id="sm-5e9">
         <name>__aeabi_memclr8</name>
         <value>0x3e5d</value>
         <object_component_ref idref="oc-e0"/>
      </symbol>
      <symbol id="sm-5ea">
         <name>__aeabi_memclr4</name>
         <value>0x3e5d</value>
         <object_component_ref idref="oc-e0"/>
      </symbol>
      <symbol id="sm-5eb">
         <name>__aeabi_memclr</name>
         <value>0x3e5d</value>
         <object_component_ref idref="oc-e0"/>
      </symbol>
      <symbol id="sm-613">
         <name>__TI_auto_init_nobinit_nopinit</name>
         <value>0x3f41</value>
         <object_component_ref idref="oc-163"/>
      </symbol>
      <symbol id="sm-61d">
         <name>_system_pre_init</name>
         <value>0x407b</value>
         <object_component_ref idref="oc-e6"/>
      </symbol>
      <symbol id="sm-629">
         <name>C$$EXIT</name>
         <value>0x407f</value>
         <object_component_ref idref="oc-157"/>
      </symbol>
      <symbol id="sm-62a">
         <name>abort</name>
         <value>0x407f</value>
         <object_component_ref idref="oc-157"/>
      </symbol>
      <symbol id="sm-62d">
         <name>__TI_static_base__</name>
         <value>0x0</value>
      </symbol>
      <symbol id="sm-630">
         <name>__mpu_init</name>
         <value>0x0</value>
      </symbol>
      <symbol id="sm-631">
         <name>_system_post_cinit</name>
         <value>0x0</value>
      </symbol>
   </symbol_table>
   <title>Link successful</title>
</link_info>
